<html>
<body>
<pre>
<h1>µVision Build Log</h1>
<h2>Tool Versions:</h2>
IDE-Version: ¦ÌVision V5.23.0.0
Copyright (C) 2017 ARM Ltd and ARM Germany GmbH. All rights reserved.
License Information: CC Joecc, SUN, LIC=X96CX-HESGC-UHQ8H-W2L55-C4LUF-X9SIS
 
Tool Versions:
Toolchain:       MDK-ARM Plus  Version: 5.23
Toolchain Path:  f:\Keil_v5\ARM\ARMCC\Bin
C Compiler:      Armcc.exe V5.06 update 4 (build 422)
Assembler:       Armasm.exe V5.06 update 4 (build 422)
Linker/Locator:  ArmLink.exe V5.06 update 4 (build 422)
Library Manager: ArmAr.exe V5.06 update 4 (build 422)
Hex Converter:   FromElf.exe V5.06 update 4 (build 422)
CPU DLL:         SARMCM3.DLL V5.23
Dialog DLL:      DCM.DLL V1.15.0.0
Target DLL:      Segger\JL2CM3.dll V2.99.23.0
Dialog DLL:      TCM.DLL V1.27.0.0
 
<h2>Project:</h2>
G:\MyDesign\Embedded\StudyBoard\STM32F429\MDK\STM32F429Demo(LAN+RTOS+MPU6050)\STM32F429Demo(LAN+RTOS+MPU6050)(20170429)\MDK-ARM\STM32F429Demo(LAN+RTOS+MPU6050).uvprojx
Project File Date:  04/29/2017

<h2>Output:</h2>
*** Using Compiler 'V5.06 update 4 (build 422)', folder: 'f:\Keil_v5\ARM\ARMCC\Bin'
Build target 'STM32F429Demo(LAN+RTOS+MPU6050)'
compiling main.c...
../Inc/stm32f4xx_hal_conf.h(229): warning:  #9-D: nested comment is not allowed
  /* USER CODE END PRIVATE DEF */                      
../Middlewares/Third_Party/LwIP/src/include/lwip/arch.h(106): warning:  #47-D: incompatible redefinition of macro "ENOMEM"  (declared at line 122 of "f:\Keil_v5\ARM\ARMCC\Bin\..\include\errno.h")
  #define  ENOMEM       12  /* Out of memory */
../Middlewares/Third_Party/LwIP/src/include/lwip/arch.h(116): warning:  #47-D: incompatible redefinition of macro "EINVAL"  (declared at line 121 of "f:\Keil_v5\ARM\ARMCC\Bin\..\include\errno.h")
  #define  EINVAL       22  /* Invalid argument */
../Middlewares/Third_Party/LwIP/src/include/lwip/arch.h(127): warning:  #47-D: incompatible redefinition of macro "EDOM"  (declared at line 77 of "f:\Keil_v5\ARM\ARMCC\Bin\..\include\errno.h")
  #define  EDOM         33  /* Math argument out of domain of func */
../Middlewares/Third_Party/LwIP/src/include/lwip/arch.h(128): warning:  #47-D: incompatible redefinition of macro "ERANGE"  (declared at line 88 of "f:\Keil_v5\ARM\ARMCC\Bin\..\include\errno.h")
  #define  ERANGE       34  /* Math result not representable */
../Middlewares/Third_Party/LwIP/src/include/lwip/arch.h(180): warning:  #47-D: incompatible redefinition of macro "EILSEQ"  (declared at line 101 of "f:\Keil_v5\ARM\ARMCC\Bin\..\include\errno.h")
  #define  EILSEQ       84  /* Illegal byte sequence */
../Src/main.c(85): warning:  #177-D: variable "newconn"  was declared but never referenced
  	int sock, newconn, size;
../Src/main.c: 7 warnings, 0 errors
linking...
Program Size: Code=55700 RO-data=1140 RW-data=428 ZI-data=44940  
"STM32F429Demo(LAN+RTOS+MPU6050)\STM32F429Demo(LAN+RTOS+MPU6050).axf" - 0 Error(s), 7 Warning(s).

<h2>Software Packages used:</h2>

Package Vendor: ARM
                http://www.keil.com/pack/ARM.CMSIS.5.0.1.pack
                ARM::CMSIS:CORE:5.0.1
                CMSIS (Cortex Microcontroller Software Interface Standard)
   * Component: CORE Version: 5.0.1

<h2>Collection of Component include folders:</h2>
  .\RTE\_STM32F429Demo_LAN_RTOS_MPU6050_
  f:\Keil_v5\ARM\PACK\ARM\CMSIS\5.0.1\CMSIS\Include
  f:\Keil_v5\ARM\PACK\Keil\STM32F4xx_DFP\2.11.0\Drivers\CMSIS\Device\ST\STM32F4xx\Include

<h2>Collection of Component Files used:</h2>

   * Component: ARM::CMSIS:CORE:5.0.1
Build Time Elapsed:  00:00:07
</pre>
</body>
</html>
