Component: ARM Compiler 5.06 update 4 (build 422) Tool: armlink [4d35d2]

==============================================================================

Section Cross References

    stm32f4xx_hal_rcc.o(i.HAL_RCC_ClockConfig) refers to stm32f4xx_hal.o(i.HAL_GetTick) for HAL_GetTick
    stm32f4xx_hal_rcc.o(i.HAL_RCC_ClockConfig) refers to stm32f4xx_hal_rcc.o(i.HAL_RCC_GetSysClockFreq) for HAL_RCC_GetSysClockFreq
    stm32f4xx_hal_rcc.o(i.HAL_RCC_ClockConfig) refers to stm32f4xx_hal_timebase_tim.o(i.HAL_InitTick) for HAL_InitTick
    stm32f4xx_hal_rcc.o(i.HAL_RCC_ClockConfig) refers to stm32f4xx_hal_rcc.o(.constdata) for APBAHBPrescTable
    stm32f4xx_hal_rcc.o(i.HAL_RCC_ClockConfig) refers to system_stm32f4xx.o(.data) for SystemCoreClock
    stm32f4xx_hal_rcc.o(i.HAL_RCC_GetHCLKFreq) refers to system_stm32f4xx.o(.data) for SystemCoreClock
    stm32f4xx_hal_rcc.o(i.HAL_RCC_GetPCLK1Freq) refers to stm32f4xx_hal_rcc.o(i.HAL_RCC_GetHCLKFreq) for HAL_RCC_GetHCLKFreq
    stm32f4xx_hal_rcc.o(i.HAL_RCC_GetPCLK1Freq) refers to stm32f4xx_hal_rcc.o(.constdata) for APBAHBPrescTable
    stm32f4xx_hal_rcc.o(i.HAL_RCC_GetPCLK2Freq) refers to stm32f4xx_hal_rcc.o(i.HAL_RCC_GetHCLKFreq) for HAL_RCC_GetHCLKFreq
    stm32f4xx_hal_rcc.o(i.HAL_RCC_GetPCLK2Freq) refers to stm32f4xx_hal_rcc.o(.constdata) for APBAHBPrescTable
    stm32f4xx_hal_rcc.o(i.HAL_RCC_GetSysClockFreq) refers to uldiv.o(.text) for __aeabi_uldivmod
    stm32f4xx_hal_rcc.o(i.HAL_RCC_MCOConfig) refers to stm32f4xx_hal_gpio.o(i.HAL_GPIO_Init) for HAL_GPIO_Init
    stm32f4xx_hal_rcc.o(i.HAL_RCC_NMI_IRQHandler) refers to stm32f4xx_hal_rcc.o(i.HAL_RCC_CSSCallback) for HAL_RCC_CSSCallback
    stm32f4xx_hal_rcc.o(i.HAL_RCC_OscConfig) refers to stm32f4xx_hal.o(i.HAL_GetTick) for HAL_GetTick
    stm32f4xx_hal_gpio.o(i.HAL_GPIO_EXTI_IRQHandler) refers to stm32f4xx_hal_gpio.o(i.HAL_GPIO_EXTI_Callback) for HAL_GPIO_EXTI_Callback
    stm32f4xx_hal.o(i.HAL_DeInit) refers to stm32f4xx_hal.o(i.HAL_MspDeInit) for HAL_MspDeInit
    stm32f4xx_hal.o(i.HAL_Delay) refers to stm32f4xx_hal.o(i.HAL_GetTick) for HAL_GetTick
    stm32f4xx_hal.o(i.HAL_GetTick) refers to stm32f4xx_hal.o(.data) for uwTick
    stm32f4xx_hal.o(i.HAL_IncTick) refers to stm32f4xx_hal.o(.data) for uwTick
    stm32f4xx_hal.o(i.HAL_Init) refers to stm32f4xx_hal_cortex.o(i.HAL_NVIC_SetPriorityGrouping) for HAL_NVIC_SetPriorityGrouping
    stm32f4xx_hal.o(i.HAL_Init) refers to stm32f4xx_hal_timebase_tim.o(i.HAL_InitTick) for HAL_InitTick
    stm32f4xx_hal.o(i.HAL_Init) refers to stm32f4xx_hal_msp.o(i.HAL_MspInit) for HAL_MspInit
    stm32f4xx_hal.o(i.HAL_InitTick) refers to stm32f4xx_hal_cortex.o(i.HAL_SYSTICK_Config) for HAL_SYSTICK_Config
    stm32f4xx_hal.o(i.HAL_InitTick) refers to stm32f4xx_hal_cortex.o(i.HAL_NVIC_SetPriority) for HAL_NVIC_SetPriority
    stm32f4xx_hal.o(i.HAL_InitTick) refers to system_stm32f4xx.o(.data) for SystemCoreClock
    stm32f4xx_hal_flash.o(i.FLASH_SetErrorCode) refers to stm32f4xx_hal_flash.o(.bss) for pFlash
    stm32f4xx_hal_flash.o(i.FLASH_WaitForLastOperation) refers to stm32f4xx_hal.o(i.HAL_GetTick) for HAL_GetTick
    stm32f4xx_hal_flash.o(i.FLASH_WaitForLastOperation) refers to stm32f4xx_hal_flash.o(i.FLASH_SetErrorCode) for FLASH_SetErrorCode
    stm32f4xx_hal_flash.o(i.FLASH_WaitForLastOperation) refers to stm32f4xx_hal_flash.o(.bss) for pFlash
    stm32f4xx_hal_flash.o(i.HAL_FLASH_GetError) refers to stm32f4xx_hal_flash.o(.bss) for pFlash
    stm32f4xx_hal_flash.o(i.HAL_FLASH_IRQHandler) refers to stm32f4xx_hal_flash.o(i.FLASH_SetErrorCode) for FLASH_SetErrorCode
    stm32f4xx_hal_flash.o(i.HAL_FLASH_IRQHandler) refers to stm32f4xx_hal_flash.o(i.HAL_FLASH_OperationErrorCallback) for HAL_FLASH_OperationErrorCallback
    stm32f4xx_hal_flash.o(i.HAL_FLASH_IRQHandler) refers to stm32f4xx_hal_flash.o(i.HAL_FLASH_EndOfOperationCallback) for HAL_FLASH_EndOfOperationCallback
    stm32f4xx_hal_flash.o(i.HAL_FLASH_IRQHandler) refers to stm32f4xx_hal_flash_ex.o(i.FLASH_Erase_Sector) for FLASH_Erase_Sector
    stm32f4xx_hal_flash.o(i.HAL_FLASH_IRQHandler) refers to stm32f4xx_hal_flash_ex.o(i.FLASH_FlushCaches) for FLASH_FlushCaches
    stm32f4xx_hal_flash.o(i.HAL_FLASH_IRQHandler) refers to stm32f4xx_hal_flash.o(.bss) for pFlash
    stm32f4xx_hal_flash.o(i.HAL_FLASH_OB_Launch) refers to stm32f4xx_hal_flash.o(i.FLASH_WaitForLastOperation) for FLASH_WaitForLastOperation
    stm32f4xx_hal_flash.o(i.HAL_FLASH_Program) refers to stm32f4xx_hal_flash.o(i.FLASH_WaitForLastOperation) for FLASH_WaitForLastOperation
    stm32f4xx_hal_flash.o(i.HAL_FLASH_Program) refers to stm32f4xx_hal_flash.o(i.FLASH_Program_Byte) for FLASH_Program_Byte
    stm32f4xx_hal_flash.o(i.HAL_FLASH_Program) refers to stm32f4xx_hal_flash.o(i.FLASH_Program_HalfWord) for FLASH_Program_HalfWord
    stm32f4xx_hal_flash.o(i.HAL_FLASH_Program) refers to stm32f4xx_hal_flash.o(i.FLASH_Program_Word) for FLASH_Program_Word
[...]
    __decompress1                            0x080004e9   Thumb Code    86  __dczerorl2.o(.text)
    BusFault_Handler                         0x0800053f   Thumb Code     4  stm32f4xx_it.o(i.BusFault_Handler)
    DebugMon_Handler                         0x08000543   Thumb Code     2  stm32f4xx_it.o(i.DebugMon_Handler)
    ETH_IRQHandler                           0x080005fd   Thumb Code    10  stm32f4xx_it.o(i.ETH_IRQHandler)
    Error_Handler                            0x08000925   Thumb Code     4  main.o(i.Error_Handler)
    HAL_Delay                                0x08000929   Thumb Code    26  stm32f4xx_hal.o(i.HAL_Delay)
    HAL_ETH_ConfigMAC                        0x08000945   Thumb Code   314  stm32f4xx_hal_eth.o(i.HAL_ETH_ConfigMAC)
    HAL_ETH_DMARxDescListInit                0x08000a85   Thumb Code   140  stm32f4xx_hal_eth.o(i.HAL_ETH_DMARxDescListInit)
    HAL_ETH_DMATxDescListInit                0x08000b11   Thumb Code   132  stm32f4xx_hal_eth.o(i.HAL_ETH_DMATxDescListInit)
    HAL_ETH_ErrorCallback                    0x08000b95   Thumb Code     2  stm32f4xx_hal_eth.o(i.HAL_ETH_ErrorCallback)
    HAL_ETH_GetReceivedFrame_IT              0x08000b97   Thumb Code   186  stm32f4xx_hal_eth.o(i.HAL_ETH_GetReceivedFrame_IT)
    HAL_ETH_IRQHandler                       0x08000c51   Thumb Code   164  stm32f4xx_hal_eth.o(i.HAL_ETH_IRQHandler)
    HAL_ETH_Init                             0x08000cf5   Thumb Code   642  stm32f4xx_hal_eth.o(i.HAL_ETH_Init)
    HAL_ETH_MspInit                          0x08000f95   Thumb Code   258  ethernetif.o(i.HAL_ETH_MspInit)
    HAL_ETH_ReadPHYRegister                  0x080010b1   Thumb Code   146  stm32f4xx_hal_eth.o(i.HAL_ETH_ReadPHYRegister)
    HAL_ETH_RxCpltCallback                   0x08001145   Thumb Code    14  ethernetif.o(i.HAL_ETH_RxCpltCallback)
    HAL_ETH_Start                            0x08001159   Thumb Code    82  stm32f4xx_hal_eth.o(i.HAL_ETH_Start)
    HAL_ETH_Stop                             0x080011ab   Thumb Code    82  stm32f4xx_hal_eth.o(i.HAL_ETH_Stop)
    HAL_ETH_TransmitFrame                    0x080011fd   Thumb Code   318  stm32f4xx_hal_eth.o(i.HAL_ETH_TransmitFrame)
    HAL_ETH_TxCpltCallback                   0x0800133b   Thumb Code     2  stm32f4xx_hal_eth.o(i.HAL_ETH_TxCpltCallback)
    HAL_ETH_WritePHYRegister                 0x0800133d   Thumb Code   144  stm32f4xx_hal_eth.o(i.HAL_ETH_WritePHYRegister)
    HAL_GPIO_Init                            0x080013cd   Thumb Code   486  stm32f4xx_hal_gpio.o(i.HAL_GPIO_Init)
    HAL_GPIO_WritePin                        0x080015e9   Thumb Code    12  stm32f4xx_hal_gpio.o(i.HAL_GPIO_WritePin)
    HAL_GetTick                              0x080015f5   Thumb Code     6  stm32f4xx_hal.o(i.HAL_GetTick)
    HAL_I2C_Init                             0x08001601   Thumb Code   286  stm32f4xx_hal_i2c.o(i.HAL_I2C_Init)
    HAL_I2C_MspInit                          0x08001729   Thumb Code    78  i2c.o(i.HAL_I2C_MspInit)
    HAL_IncTick                              0x08001785   Thumb Code    12  stm32f4xx_hal.o(i.HAL_IncTick)
    HAL_Init                                 0x08001795   Thumb Code    54  stm32f4xx_hal.o(i.HAL_Init)
    HAL_InitTick                             0x080017d1   Thumb Code   122  stm32f4xx_hal_timebase_tim.o(i.HAL_InitTick)
    HAL_MspInit                              0x0800185d   Thumb Code    86  stm32f4xx_hal_msp.o(i.HAL_MspInit)
    HAL_NVIC_EnableIRQ                       0x080018b3   Thumb Code    26  stm32f4xx_hal_cortex.o(i.HAL_NVIC_EnableIRQ)
    HAL_NVIC_SetPriority                     0x080018cd   Thumb Code   124  stm32f4xx_hal_cortex.o(i.HAL_NVIC_SetPriority)
    HAL_NVIC_SetPriorityGrouping             0x08001949   Thumb Code    32  stm32f4xx_hal_cortex.o(i.HAL_NVIC_SetPriorityGrouping)
    HAL_PWREx_EnableOverDrive                0x08001971   Thumb Code   152  stm32f4xx_hal_pwr_ex.o(i.HAL_PWREx_EnableOverDrive)
    HAL_RCCEx_PeriphCLKConfig                0x08001a15   Thumb Code   856  stm32f4xx_hal_rcc_ex.o(i.HAL_RCCEx_PeriphCLKConfig)
    HAL_RCC_ClockConfig                      0x08001d85   Thumb Code   446  stm32f4xx_hal_rcc.o(i.HAL_RCC_ClockConfig)
    HAL_RCC_GetClockConfig                   0x08001f55   Thumb Code    58  stm32f4xx_hal_rcc.o(i.HAL_RCC_GetClockConfig)
    HAL_RCC_GetHCLKFreq                      0x08001f99   Thumb Code     6  stm32f4xx_hal_rcc.o(i.HAL_RCC_GetHCLKFreq)
    HAL_RCC_GetPCLK1Freq                     0x08001fa5   Thumb Code    36  stm32f4xx_hal_rcc.o(i.HAL_RCC_GetPCLK1Freq)
    HAL_RCC_GetPCLK2Freq                     0x08001fd1   Thumb Code    36  stm32f4xx_hal_rcc.o(i.HAL_RCC_GetPCLK2Freq)
    HAL_RCC_GetSysClockFreq                  0x08001ffd   Thumb Code   200  stm32f4xx_hal_rcc.o(i.HAL_RCC_GetSysClockFreq)
    HAL_RCC_OscConfig                        0x080020d1   Thumb Code  1090  stm32f4xx_hal_rcc.o(i.HAL_RCC_OscConfig)
    HAL_RTC_Init                             0x0800251d   Thumb Code   176  stm32f4xx_hal_rtc.o(i.HAL_RTC_Init)
    HAL_RTC_MspInit                          0x080025d1   Thumb Code    16  rtc.o(i.HAL_RTC_MspInit)
    HAL_RTC_SetDate                          0x080025e9   Thumb Code   270  stm32f4xx_hal_rtc.o(i.HAL_RTC_SetDate)
    HAL_RTC_SetTime                          0x080026fd   Thumb Code   304  stm32f4xx_hal_rtc.o(i.HAL_RTC_SetTime)
    HAL_RTC_WaitForSynchro                   0x08002831   Thumb Code    58  stm32f4xx_hal_rtc.o(i.HAL_RTC_WaitForSynchro)
    HAL_SYSTICK_CLKSourceConfig              0x0800286b   Thumb Code    40  stm32f4xx_hal_cortex.o(i.HAL_SYSTICK_CLKSourceConfig)
    HAL_SYSTICK_Config                       0x08002893   Thumb Code    52  stm32f4xx_hal_cortex.o(i.HAL_SYSTICK_Config)
    HAL_TIMEx_BreakCallback                  0x080028c7   Thumb Code     2  stm32f4xx_hal_tim_ex.o(i.HAL_TIMEx_BreakCallback)
    HAL_TIMEx_CommutationCallback            0x080028c9   Thumb Code     2  stm32f4xx_hal_tim_ex.o(i.HAL_TIMEx_CommutationCallback)
    HAL_TIMEx_MasterConfigSynchronization    0x080028cb   Thumb Code    98  stm32f4xx_hal_tim_ex.o(i.HAL_TIMEx_MasterConfigSynchronization)
    HAL_TIM_Base_Init                        0x0800292d   Thumb Code    52  stm32f4xx_hal_tim.o(i.HAL_TIM_Base_Init)
    HAL_TIM_Base_MspInit                     0x08002961   Thumb Code    62  tim.o(i.HAL_TIM_Base_MspInit)
    HAL_TIM_Base_Start_IT                    0x080029a9   Thumb Code    30  stm32f4xx_hal_tim.o(i.HAL_TIM_Base_Start_IT)
    HAL_TIM_ConfigClockSource                0x080029c7   Thumb Code   306  stm32f4xx_hal_tim.o(i.HAL_TIM_ConfigClockSource)
    HAL_TIM_IC_CaptureCallback               0x08002af9   Thumb Code     2  stm32f4xx_hal_tim.o(i.HAL_TIM_IC_CaptureCallback)
    HAL_TIM_IRQHandler                       0x08002afb   Thumb Code   406  stm32f4xx_hal_tim.o(i.HAL_TIM_IRQHandler)
    HAL_TIM_OC_DelayElapsedCallback          0x08002c91   Thumb Code     2  stm32f4xx_hal_tim.o(i.HAL_TIM_OC_DelayElapsedCallback)
    HAL_TIM_PWM_PulseFinishedCallback        0x08002c93   Thumb Code     2  stm32f4xx_hal_tim.o(i.HAL_TIM_PWM_PulseFinishedCallback)
    HAL_TIM_PeriodElapsedCallback            0x08002c95   Thumb Code    36  main.o(i.HAL_TIM_PeriodElapsedCallback)
    HAL_TIM_TriggerCallback                  0x08002cc5   Thumb Code     2  stm32f4xx_hal_tim.o(i.HAL_TIM_TriggerCallback)
    HAL_UART_Init                            0x08002cc7   Thumb Code   114  stm32f4xx_hal_uart.o(i.HAL_UART_Init)
    HAL_UART_MspInit                         0x08002d39   Thumb Code    80  usart.o(i.HAL_UART_MspInit)
    HAL_UART_Transmit                        0x08002d95   Thumb Code   214  stm32f4xx_hal_uart.o(i.HAL_UART_Transmit)
    HardFault_Handler                        0x08002e6b   Thumb Code     4  stm32f4xx_it.o(i.HardFault_Handler)
    MX_GPIO_Init                             0x08002e71   Thumb Code   598  gpio.o(i.MX_GPIO_Init)
    MX_I2C1_Init                             0x080030f5   Thumb Code    48  i2c.o(i.MX_I2C1_Init)
    MX_LWIP_Init                             0x08003131   Thumb Code   270  lwip.o(i.MX_LWIP_Init)
    MX_RTC_Init                              0x08003275   Thumb Code   116  rtc.o(i.MX_RTC_Init)
    MX_TIM3_Init                             0x080032f1   Thumb Code    92  tim.o(i.MX_TIM3_Init)
    MX_USART1_UART_Init                      0x08003355   Thumb Code    46  usart.o(i.MX_USART1_UART_Init)
    MemManage_Handler                        0x0800338d   Thumb Code     4  stm32f4xx_it.o(i.MemManage_Handler)
    NMI_Handler                              0x08003391   Thumb Code     2  stm32f4xx_it.o(i.NMI_Handler)
    RTC_Bcd2ToByte                           0x080033cd   Thumb Code    22  stm32f4xx_hal_rtc.o(i.RTC_Bcd2ToByte)
    RTC_ByteToBcd2                           0x080033e3   Thumb Code    26  stm32f4xx_hal_rtc.o(i.RTC_ByteToBcd2)
    RTC_EnterInitMode                        0x080033fd   Thumb Code    62  stm32f4xx_hal_rtc.o(i.RTC_EnterInitMode)
    SysTick_Handler                          0x0800343b   Thumb Code     8  stm32f4xx_it.o(i.SysTick_Handler)
    SystemClock_Config                       0x08003445   Thumb Code   224  main.o(i.SystemClock_Config)
    SystemInit                               0x0800352d   Thumb Code    82  system_stm32f4xx.o(i.SystemInit)
    TIM1_UP_TIM10_IRQHandler                 0x08003591   Thumb Code    10  stm32f4xx_it.o(i.TIM1_UP_TIM10_IRQHandler)
    TIM3_IRQHandler                          0x080035a1   Thumb Code    72  stm32f4xx_it.o(i.TIM3_IRQHandler)
    TIM_Base_SetConfig                       0x080035f9   Thumb Code   184  stm32f4xx_hal_tim.o(i.TIM_Base_SetConfig)
    UsageFault_Handler                       0x08003b35   Thumb Code     4  stm32f4xx_it.o(i.UsageFault_Handler)
    __0printf$3                              0x08003b39   Thumb Code    22  printf3.o(i.__0printf$3)
    __1printf$3                              0x08003b39   Thumb Code     0  printf3.o(i.__0printf$3)
    __2printf                                0x08003b39   Thumb Code     0  printf3.o(i.__0printf$3)
    __aeabi_errno_addr                       0x08003b59   Thumb Code     4  errno.o(i.__aeabi_errno_addr)
    __rt_errno_addr                          0x08003b59   Thumb Code     0  errno.o(i.__aeabi_errno_addr)
    __scatterload_copy                       0x08003b61   Thumb Code    14  handlers.o(i.__scatterload_copy)
    __scatterload_null                       0x08003b6f   Thumb Code     2  handlers.o(i.__scatterload_null)
    __scatterload_zeroinit                   0x08003b71   Thumb Code    14  handlers.o(i.__scatterload_zeroinit)
    etharp_cleanup_netif                     0x08003fd5   Thumb Code    52  etharp.o(i.etharp_cleanup_netif)
    etharp_output                            0x080041ad   Thumb Code   308  etharp.o(i.etharp_output)
    etharp_query                             0x0800439d   Thumb Code   356  etharp.o(i.etharp_query)
    etharp_request                           0x080045bd   Thumb Code    18  etharp.o(i.etharp_request)
    etharp_tmr                               0x08004639   Thumb Code   216  etharp.o(i.etharp_tmr)
    ethernet_input                           0x080047cd   Thumb Code   180  etharp.o(i.ethernet_input)
    ethernetif_init                          0x08004885   Thumb Code    38  ethernetif.o(i.ethernetif_init)
    ethernetif_input                         0x080048b5   Thumb Code    60  ethernetif.o(i.ethernetif_input)
    ethernetif_notify_conn_changed           0x080048f5   Thumb Code     2  ethernetif.o(i.ethernetif_notify_conn_changed)
    ethernetif_set_link                      0x080048f9   Thumb Code   108  ethernetif.o(i.ethernetif_set_link)
    ethernetif_update_config                 0x08004985   Thumb Code   206  ethernetif.o(i.ethernetif_update_config)
    fputc                                    0x08004bd5   Thumb Code    24  usart.o(i.fputc)
    icmp_dest_unreach                        0x08004c61   Thumb Code    18  icmp.o(i.icmp_dest_unreach)
    icmp_input                               0x08004c75   Thumb Code   352  icmp.o(i.icmp_input)
    icmp_time_exceeded                       0x08004e4d   Thumb Code    18  icmp.o(i.icmp_time_exceeded)
    ip4_addr_isbroadcast_u32                 0x08004e6f   Thumb Code    78  ip4_addr.o(i.ip4_addr_isbroadcast_u32)
    ip4_frag                                 0x08004ebd   Thumb Code   408  ip_frag.o(i.ip4_frag)
    ip4_input                                0x08005059   Thumb Code   394  ip4.o(i.ip4_input)
    ip4_output_if                            0x080051ed   Thumb Code    54  ip4.o(i.ip4_output_if)
    ip4_output_if_src                        0x08005225   Thumb Code   190  ip4.o(i.ip4_output_if_src)
    ip4_reass                                0x080052ed   Thumb Code   408  ip_frag.o(i.ip4_reass)
    ip4_route                                0x0800548d   Thumb Code   134  ip4.o(i.ip4_route)
    ip4addr_aton                             0x0800551d   Thumb Code   396  ip4_addr.o(i.ip4addr_aton)
    ip_input                                 0x080056c5   Thumb Code    16  ip4.o(i.ip_input)
    ip_reass_tmr                             0x08005a05   Thumb Code    48  ip_frag.o(i.ip_reass_tmr)
    ipaddr_addr                              0x08005a39   Thumb Code    24  ip4_addr.o(i.ipaddr_addr)
    lwip_close                               0x08005d75   Thumb Code   128  sockets.o(i.lwip_close)
    lwip_connect                             0x08005df9   Thumb Code   192  sockets.o(i.lwip_connect)
    lwip_htonl                               0x08005ebd   Thumb Code    26  def.o(i.lwip_htonl)
    lwip_htons                               0x08005ed7   Thumb Code    12  def.o(i.lwip_htons)
    lwip_init                                0x08005ee3   Thumb Code    32  init.o(i.lwip_init)
    lwip_netconn_do_connect                  0x080060c9   Thumb Code   224  api_msg.o(i.lwip_netconn_do_connect)
    lwip_netconn_do_delconn                  0x0800623d   Thumb Code   220  api_msg.o(i.lwip_netconn_do_delconn)
    lwip_netconn_do_disconnect               0x08006319   Thumb Code    76  api_msg.o(i.lwip_netconn_do_disconnect)
    lwip_netconn_do_newconn                  0x08006365   Thumb Code    62  api_msg.o(i.lwip_netconn_do_newconn)
    lwip_netconn_do_send                     0x080063a3   Thumb Code   136  api_msg.o(i.lwip_netconn_do_send)
    lwip_netconn_do_write                    0x0800642b   Thumb Code   140  api_msg.o(i.lwip_netconn_do_write)
    lwip_ntohl                               0x0800664f   Thumb Code    12  def.o(i.lwip_ntohl)
    lwip_ntohs                               0x0800665b   Thumb Code    12  def.o(i.lwip_ntohs)
    lwip_send                                0x08006669   Thumb Code   166  sockets.o(i.lwip_send)
    lwip_sendto                              0x08006715   Thumb Code   260  sockets.o(i.lwip_sendto)
    lwip_setsockopt                          0x0800681d   Thumb Code   200  sockets.o(i.lwip_setsockopt)
    lwip_socket                              0x08006b01   Thumb Code   178  sockets.o(i.lwip_socket)
    main                                     0x08006bb9   Thumb Code    94  main.o(i.main)
    mem_free                                 0x08006c49   Thumb Code    80  mem.o(i.mem_free)
    mem_init                                 0x08006ca9   Thumb Code    88  mem.o(i.mem_init)
    mem_malloc                               0x08006d15   Thumb Code   252  mem.o(i.mem_malloc)
    mem_trim                                 0x08006e21   Thumb Code   264  mem.o(i.mem_trim)
    memp_free                                0x08006f39   Thumb Code    32  memp.o(i.memp_free)
    memp_init                                0x08006f5d   Thumb Code    38  memp.o(i.memp_init)
    memp_init_pool                           0x08006f89   Thumb Code    44  memp.o(i.memp_init_pool)
    memp_malloc                              0x08006fb5   Thumb Code    32  memp.o(i.memp_malloc)
    memp_malloc_pool                         0x08006fd9   Thumb Code    22  memp.o(i.memp_malloc_pool)
    netbuf_delete                            0x08006fef   Thumb Code    32  netbuf.o(i.netbuf_delete)
    netbuf_free                              0x0800700f   Thumb Code    32  netbuf.o(i.netbuf_free)
    netbuf_ref                               0x0800702f   Thumb Code    74  netbuf.o(i.netbuf_ref)
    netconn_alloc                            0x08007079   Thumb Code   138  api_msg.o(i.netconn_alloc)
    netconn_connect                          0x08007105   Thumb Code    52  api_lib.o(i.netconn_connect)
    netconn_delete                           0x0800713d   Thumb Code    54  api_lib.o(i.netconn_delete)
    netconn_disconnect                       0x08007179   Thumb Code    42  api_lib.o(i.netconn_disconnect)
    netconn_free                             0x08007257   Thumb Code    58  api_msg.o(i.netconn_free)
    netconn_new_with_proto_and_callback      0x08007291   Thumb Code   128  api_lib.o(i.netconn_new_with_proto_and_callback)
    netconn_send                             0x08007315   Thumb Code    46  api_lib.o(i.netconn_send)
    netconn_write_partly                     0x08007349   Thumb Code   148  api_lib.o(i.netconn_write_partly)
    netif_add                                0x080073e1   Thumb Code   110  netif.o(i.netif_add)
    netif_init                               0x08007459   Thumb Code     2  netif.o(i.netif_init)
    netif_set_addr                           0x0800747f   Thumb Code    40  netif.o(i.netif_set_addr)
    netif_set_default                        0x080074a9   Thumb Code     6  netif.o(i.netif_set_default)
    netif_set_down                           0x080074b5   Thumb Code    42  netif.o(i.netif_set_down)
    netif_set_gw                             0x080074df   Thumb Code    12  netif.o(i.netif_set_gw)
    netif_set_ipaddr                         0x080074ed   Thumb Code    72  netif.o(i.netif_set_ipaddr)
    netif_set_link_callback                  0x08007539   Thumb Code     6  netif.o(i.netif_set_link_callback)
    netif_set_link_down                      0x0800753f   Thumb Code    42  netif.o(i.netif_set_link_down)
    netif_set_link_up                        0x08007569   Thumb Code    58  netif.o(i.netif_set_link_up)
    netif_set_netmask                        0x080075a3   Thumb Code    12  netif.o(i.netif_set_netmask)
    netif_set_up                             0x080075af   Thumb Code    44  netif.o(i.netif_set_up)
    osKernelStart                            0x080075db   Thumb Code    10  cmsis_os.o(i.osKernelStart)
    osSemaphoreCreate                        0x080075e5   Thumb Code    44  cmsis_os.o(i.osSemaphoreCreate)
    osSemaphoreRelease                       0x08007611   Thumb Code    76  cmsis_os.o(i.osSemaphoreRelease)
    osSemaphoreWait                          0x08007661   Thumb Code   104  cmsis_os.o(i.osSemaphoreWait)
    osSystickHandler                         0x080076cd   Thumb Code    16  cmsis_os.o(i.osSystickHandler)
    osThreadCreate                           0x080076dd   Thumb Code    58  cmsis_os.o(i.osThreadCreate)
    pbuf_alloc                               0x08007717   Thumb Code   404  pbuf.o(i.pbuf_alloc)
    pbuf_alloced_custom                      0x080078ab   Thumb Code   110  pbuf.o(i.pbuf_alloced_custom)
    pbuf_cat                                 0x08007919   Thumb Code    56  pbuf.o(i.pbuf_cat)
    pbuf_chain                               0x08007951   Thumb Code    22  pbuf.o(i.pbuf_chain)
    pbuf_clen                                0x08007967   Thumb Code    18  pbuf.o(i.pbuf_clen)
    pbuf_copy                                0x08007979   Thumb Code   192  pbuf.o(i.pbuf_copy)
    pbuf_copy_partial                        0x08007a39   Thumb Code   146  pbuf.o(i.pbuf_copy_partial)
    pbuf_free                                0x08007acb   Thumb Code   134  pbuf.o(i.pbuf_free)
    pbuf_header                              0x08007b8f   Thumb Code    18  pbuf.o(i.pbuf_header)
    pbuf_header_force                        0x08007ba1   Thumb Code    18  pbuf.o(i.pbuf_header_force)
    pbuf_realloc                             0x08007c71   Thumb Code   128  pbuf.o(i.pbuf_realloc)
    pbuf_ref                                 0x08007cf1   Thumb Code    10  pbuf.o(i.pbuf_ref)
    pvPortMalloc                             0x0800832d   Thumb Code   296  heap_4.o(i.pvPortMalloc)
    pvTaskIncrementMutexHeldCount            0x08008469   Thumb Code    26  tasks.o(i.pvTaskIncrementMutexHeldCount)
    pxPortInitialiseStack                    0x08008489   Thumb Code    34  port.o(i.pxPortInitialiseStack)
    sys_arch_mbox_fetch                      0x08008661   Thumb Code    98  sys_arch.o(i.sys_arch_mbox_fetch)
    sys_arch_mbox_tryfetch                   0x080086c3   Thumb Code    36  sys_arch.o(i.sys_arch_mbox_tryfetch)
    sys_arch_sem_wait                        0x080086e7   Thumb Code    86  sys_arch.o(i.sys_arch_sem_wait)
    sys_init                                 0x0800873d   Thumb Code     8  sys_arch.o(i.sys_init)
    sys_mbox_free                            0x08008749   Thumb Code    18  sys_arch.o(i.sys_mbox_free)
    sys_mbox_new                             0x0800875b   Thumb Code    32  sys_arch.o(i.sys_mbox_new)
    sys_mbox_post                            0x0800877b   Thumb Code    24  sys_arch.o(i.sys_mbox_post)
    sys_mbox_set_invalid                     0x08008793   Thumb Code     6  sys_arch.o(i.sys_mbox_set_invalid)
    sys_mbox_trypost                         0x08008799   Thumb Code    32  sys_arch.o(i.sys_mbox_trypost)
    sys_mbox_valid                           0x080087b9   Thumb Code    14  sys_arch.o(i.sys_mbox_valid)
    sys_mutex_lock                           0x080087c7   Thumb Code    14  sys_arch.o(i.sys_mutex_lock)
    sys_mutex_new                            0x080087d5   Thumb Code    26  sys_arch.o(i.sys_mutex_new)
    sys_mutex_unlock                         0x080087ef   Thumb Code    18  sys_arch.o(i.sys_mutex_unlock)
    sys_sem_free                             0x08008801   Thumb Code    12  sys_arch.o(i.sys_sem_free)
    sys_sem_new                              0x0800880d   Thumb Code    62  sys_arch.o(i.sys_sem_new)
    sys_sem_set_invalid                      0x0800884b   Thumb Code     6  sys_arch.o(i.sys_sem_set_invalid)
    sys_sem_signal                           0x08008851   Thumb Code    18  sys_arch.o(i.sys_sem_signal)
    sys_sem_valid                            0x08008863   Thumb Code    14  sys_arch.o(i.sys_sem_valid)
    sys_thread_new                           0x08008871   Thumb Code    76  sys_arch.o(i.sys_thread_new)
    sys_timeout                              0x080088c1   Thumb Code   152  lwip_timers.o(i.sys_timeout)
    sys_timeouts_init                        0x0800895d   Thumb Code    28  lwip_timers.o(i.sys_timeouts_init)
    sys_timeouts_mbox_fetch                  0x08008981   Thumb Code   132  lwip_timers.o(i.sys_timeouts_mbox_fetch)
    tcp_abandon                              0x08008a09   Thumb Code   226  tcp.o(i.tcp_abandon)
    tcp_abort                                0x08008afd   Thumb Code    14  tcp.o(i.tcp_abort)
    tcp_accept                               0x08008b0b   Thumb Code     4  tcp.o(i.tcp_accept)
    tcp_alloc                                0x08008b11   Thumb Code   208  tcp.o(i.tcp_alloc)
    tcp_arg                                  0x08008bf1   Thumb Code     4  tcp.o(i.tcp_arg)
    tcp_client_thread                        0x08008bf5   Thumb Code   412  main.o(i.tcp_client_thread)
    tcp_close                                0x08008e8d   Thumb Code    28  tcp.o(i.tcp_close)
    tcp_connect                              0x08009051   Thumb Code   328  tcp.o(i.tcp_connect)
    tcp_eff_send_mss_impl                    0x08009263   Thumb Code    58  tcp.o(i.tcp_eff_send_mss_impl)
    tcp_enqueue_flags                        0x0800929d   Thumb Code   292  tcp_out.o(i.tcp_enqueue_flags)
    tcp_err                                  0x080093c1   Thumb Code    10  tcp.o(i.tcp_err)
    tcp_fasttmr                              0x080093cd   Thumb Code   112  tcp.o(i.tcp_fasttmr)
    tcp_init                                 0x080094a1   Thumb Code     2  tcp.o(i.tcp_init)
    tcp_input                                0x080094a5   Thumb Code  1236  tcp_in.o(i.tcp_input)
    tcp_keepalive                            0x08009999   Thumb Code    90  tcp_out.o(i.tcp_keepalive)
    tcp_netif_ipv4_addr_changed              0x08009bfd   Thumb Code    70  tcp.o(i.tcp_netif_ipv4_addr_changed)
    tcp_new                                  0x08009c7b   Thumb Code    10  tcp.o(i.tcp_new)
    tcp_next_iss                             0x08009ced   Thumb Code    20  tcp.o(i.tcp_next_iss)
    tcp_output                               0x08009d99   Thumb Code   468  tcp_out.o(i.tcp_output)
    tcp_pcb_purge                            0x0800a209   Thumb Code    72  tcp.o(i.tcp_pcb_purge)
    tcp_pcb_remove                           0x0800a251   Thumb Code   124  tcp.o(i.tcp_pcb_remove)
    tcp_poll                                 0x0800a2cd   Thumb Code    14  tcp.o(i.tcp_poll)
    tcp_process_refused_data                 0x0800a855   Thumb Code   148  tcp.o(i.tcp_process_refused_data)
    tcp_recv                                 0x0800b2d1   Thumb Code    10  tcp.o(i.tcp_recv)
    tcp_recv_null                            0x0800b2db   Thumb Code    46  tcp.o(i.tcp_recv_null)
    tcp_recved                               0x0800b309   Thumb Code    94  tcp.o(i.tcp_recved)
    tcp_rexmit                               0x0800b367   Thumb Code    90  tcp_out.o(i.tcp_rexmit)
    tcp_rexmit_fast                          0x0800b3c1   Thumb Code   112  tcp_out.o(i.tcp_rexmit_fast)
    tcp_rexmit_rto                           0x0800b431   Thumb Code    58  tcp_out.o(i.tcp_rexmit_rto)
    tcp_rst                                  0x0800b46b   Thumb Code   136  tcp_out.o(i.tcp_rst)
    tcp_seg_copy                             0x0800b4f3   Thumb Code    36  tcp.o(i.tcp_seg_copy)
    tcp_seg_free                             0x0800b517   Thumb Code    26  tcp.o(i.tcp_seg_free)
    tcp_segs_free                            0x0800b531   Thumb Code    24  tcp.o(i.tcp_segs_free)
    tcp_send_empty_ack                       0x0800b549   Thumb Code   118  tcp_out.o(i.tcp_send_empty_ack)
    tcp_send_fin                             0x0800b5bf   Thumb Code    74  tcp_out.o(i.tcp_send_fin)
    tcp_sent                                 0x0800b609   Thumb Code     8  tcp.o(i.tcp_sent)
    tcp_shutdown                             0x0800b611   Thumb Code    98  tcp.o(i.tcp_shutdown)
    tcp_slowtmr                              0x0800b675   Thumb Code   850  tcp.o(i.tcp_slowtmr)
    tcp_timer_needed                         0x0800b9e9   Thumb Code    38  lwip_timers.o(i.tcp_timer_needed)
    tcp_tmr                                  0x0800bac9   Thumb Code    30  tcp.o(i.tcp_tmr)
    tcp_trigger_input_pcb_close              0x0800baed   Thumb Code    14  tcp_in.o(i.tcp_trigger_input_pcb_close)
    tcp_update_rcv_ann_wnd                   0x0800bb01   Thumb Code    78  tcp.o(i.tcp_update_rcv_ann_wnd)
    tcp_write                                0x0800bb4f   Thumb Code   932  tcp_out.o(i.tcp_write)
    tcp_zero_window_probe                    0x0800bf63   Thumb Code   198  tcp_out.o(i.tcp_zero_window_probe)
    tcpip_apimsg                             0x0800c029   Thumb Code    54  tcpip.o(i.tcpip_apimsg)
    tcpip_callback_with_block                0x0800c065   Thumb Code    90  tcpip.o(i.tcpip_callback_with_block)
    tcpip_init                               0x0800c0c5   Thumb Code    52  tcpip.o(i.tcpip_init)
    udp_bind                                 0x0800c22d   Thumb Code   148  udp.o(i.udp_bind)
    udp_connect                              0x0800c2c5   Thumb Code   104  udp.o(i.udp_connect)
    udp_disconnect                           0x0800c331   Thumb Code    16  udp.o(i.udp_disconnect)
    udp_init                                 0x0800c341   Thumb Code     2  udp.o(i.udp_init)
    udp_input                                0x0800c345   Thumb Code   364  udp.o(i.udp_input)
    udp_netif_ipv4_addr_changed              0x0800c4b9   Thumb Code    42  udp.o(i.udp_netif_ipv4_addr_changed)
    udp_new                                  0x0800c4e9   Thumb Code    28  udp.o(i.udp_new)
    udp_recv                                 0x0800c55d   Thumb Code     6  udp.o(i.udp_recv)
    udp_remove                               0x0800c565   Thumb Code    64  udp.o(i.udp_remove)
    udp_send                                 0x0800c5a9   Thumb Code    20  udp.o(i.udp_send)
    udp_sendto                               0x0800c5bd   Thumb Code    58  udp.o(i.udp_sendto)
    udp_sendto_if                            0x0800c5f7   Thumb Code    70  udp.o(i.udp_sendto_if)
    udp_sendto_if_src                        0x0800c63d   Thumb Code   182  udp.o(i.udp_sendto_if_src)
    uxListRemove                             0x0800c6f3   Thumb Code    40  list.o(i.uxListRemove)
    uxQueueMessagesWaiting                   0x0800c71b   Thumb Code    42  queue.o(i.uxQueueMessagesWaiting)
    vListInitialise                          0x0800c745   Thumb Code    26  list.o(i.vListInitialise)
    vListInitialiseItem                      0x0800c75f   Thumb Code     6  list.o(i.vListInitialiseItem)
    vListInsert                              0x0800c765   Thumb Code    52  list.o(i.vListInsert)
    vListInsertEnd                           0x0800c799   Thumb Code    24  list.o(i.vListInsertEnd)
    vPortEnterCritical                       0x0800c7b1   Thumb Code    76  port.o(i.vPortEnterCritical)
    vPortExitCritical                        0x0800c805   Thumb Code    56  port.o(i.vPortExitCritical)
    vPortFree                                0x0800c841   Thumb Code   140  heap_4.o(i.vPortFree)
    vPortSetupTimerInterrupt                 0x0800c8d5   Thumb Code    26  port.o(i.vPortSetupTimerInterrupt)
    vPortValidateInterruptPriority           0x0800c8f5   Thumb Code   106  port.o(i.vPortValidateInterruptPriority)
    vQueueDelete                             0x0800c96d   Thumb Code    44  queue.o(i.vQueueDelete)
    vQueueUnregisterQueue                    0x0800c999   Thumb Code    38  queue.o(i.vQueueUnregisterQueue)
    vTaskDelay                               0x0800c9c5   Thumb Code   120  tasks.o(i.vTaskDelay)
    vTaskDelete                              0x0800ca51   Thumb Code   186  tasks.o(i.vTaskDelete)
    vTaskMissedYield                         0x0800cb31   Thumb Code     8  tasks.o(i.vTaskMissedYield)
    vTaskPlaceOnEventList                    0x0800cb3d   Thumb Code   108  tasks.o(i.vTaskPlaceOnEventList)
    vTaskPriorityInherit                     0x0800cbb9   Thumb Code   164  tasks.o(i.vTaskPriorityInherit)
    vTaskSetTimeOutState                     0x0800cc69   Thumb Code    38  tasks.o(i.vTaskSetTimeOutState)
    vTaskStartScheduler                      0x0800cc99   Thumb Code   100  tasks.o(i.vTaskStartScheduler)
    vTaskSuspendAll                          0x0800cd15   Thumb Code    12  tasks.o(i.vTaskSuspendAll)
    vTaskSwitchContext                       0x0800cd25   Thumb Code   118  tasks.o(i.vTaskSwitchContext)
    xPortStartScheduler                      0x0800cdb1   Thumb Code   288  port.o(i.xPortStartScheduler)
    xPortSysTickHandler                      0x0800ceed   Thumb Code    48  port.o(i.xPortSysTickHandler)
    xQueueCreateMutex                        0x0800cf21   Thumb Code    76  queue.o(i.xQueueCreateMutex)
    xQueueGenericCreate                      0x0800cf6d   Thumb Code   134  queue.o(i.xQueueGenericCreate)
    xQueueGenericReceive                     0x0800cff5   Thumb Code   424  queue.o(i.xQueueGenericReceive)
    xQueueGenericReset                       0x0800d1a1   Thumb Code   144  queue.o(i.xQueueGenericReset)
    xQueueGenericSend                        0x0800d235   Thumb Code   412  queue.o(i.xQueueGenericSend)
    xQueueGiveFromISR                        0x0800d3d5   Thumb Code   214  queue.o(i.xQueueGiveFromISR)
    xQueueReceiveFromISR                     0x0800d4ab   Thumb Code   188  queue.o(i.xQueueReceiveFromISR)
    xTaskCheckForTimeOut                     0x0800d569   Thumb Code   132  tasks.o(i.xTaskCheckForTimeOut)
    xTaskGenericCreate                       0x0800d5f5   Thumb Code   340  tasks.o(i.xTaskGenericCreate)
    xTaskGetSchedulerState                   0x0800d765   Thumb Code    24  tasks.o(i.xTaskGetSchedulerState)
    xTaskGetTickCount                        0x0800d785   Thumb Code     6  tasks.o(i.xTaskGetTickCount)
    xTaskIncrementTick                       0x0800d791   Thumb Code   286  tasks.o(i.xTaskIncrementTick)
    xTaskPriorityDisinherit                  0x0800d8dd   Thumb Code   188  tasks.o(i.xTaskPriorityDisinherit)
    xTaskRemoveFromEventList                 0x0800d9a5   Thumb Code   128  tasks.o(i.xTaskRemoveFromEventList)
    xTaskResumeAll                           0x0800da3d   Thumb Code   224  tasks.o(i.xTaskResumeAll)
    APBAHBPrescTable                         0x0800db40   Data          16  stm32f4xx_hal_rcc.o(.constdata)
    ip_addr_any                              0x0800dc0c   Data           4  ip4_addr.o(.constdata)
    ip_addr_broadcast                        0x0800dc10   Data           4  ip4_addr.o(.constdata)
    memp_UDP_PCB                             0x0800dc14   Data          12  memp.o(.constdata)
    memp_TCP_PCB                             0x0800dc20   Data          12  memp.o(.constdata)
    memp_TCP_PCB_LISTEN                      0x0800dc2c   Data          12  memp.o(.constdata)
    memp_TCP_SEG                             0x0800dc38   Data          12  memp.o(.constdata)
    memp_REASSDATA                           0x0800dc44   Data          12  memp.o(.constdata)
    memp_FRAG_PBUF                           0x0800dc50   Data          12  memp.o(.constdata)
    memp_NETBUF                              0x0800dc5c   Data          12  memp.o(.constdata)
    memp_NETCONN                             0x0800dc68   Data          12  memp.o(.constdata)
    memp_TCPIP_MSG_API                       0x0800dc74   Data          12  memp.o(.constdata)
    memp_TCPIP_MSG_INPKT                     0x0800dc80   Data          12  memp.o(.constdata)
    memp_SYS_TIMEOUT                         0x0800dc8c   Data          12  memp.o(.constdata)
    memp_PBUF                                0x0800dc98   Data          12  memp.o(.constdata)
    memp_PBUF_POOL                           0x0800dca4   Data          12  memp.o(.constdata)
    tcp_state_str                            0x0800dcf4   Data          44  tcp.o(.constdata)
    tcp_backoff                              0x0800dd20   Data          13  tcp.o(.constdata)
    tcp_persist_backoff                      0x0800dd2d   Data           7  tcp.o(.constdata)
    tcp_pcb_lists                            0x0800dd34   Data          16  tcp.o(.constdata)
    ethbroadcast                             0x0800dd44   Data           6  etharp.o(.constdata)
    ethzero                                  0x0800dd4a   Data           6  etharp.o(.constdata)
    Region$$Table$$Base                      0x0800dde8   Number         0  anon$$obj.o(Region$$Table)
    Region$$Table$$Limit                     0x0800de08   Number         0  anon$$obj.o(Region$$Table)
    uwTick                                   0x20000000   Data           4  stm32f4xx_hal.o(.data)
    SystemCoreClock                          0x20000004   Data           4  system_stm32f4xx.o(.data)
    LocalTime                                0x20000008   Data           4  main.o(.data)
    TcpClientHandle                          0x2000000c   Data           4  main.o(.data)
    NetTimerHandle                           0x20000010   Data           4  main.o(.data)
    s_NetTimerSemaphore                      0x20000014   Data           4  main.o(.data)
    Netif_LinkSemaphore                      0x20000018   Data           4  lwip.o(.data)
    link_arg                                 0x2000001c   Data           8  lwip.o(.data)
    ipaddr                                   0x20000024   Data           4  lwip.o(.data)
    netmask                                  0x20000028   Data           4  lwip.o(.data)
    gw                                       0x2000002c   Data           4  lwip.o(.data)
    IP_ADDRESS                               0x20000030   Data           4  lwip.o(.data)
    NETMASK_ADDRESS                          0x20000034   Data           4  lwip.o(.data)
    GATEWAY_ADDRESS                          0x20000038   Data           4  lwip.o(.data)
    TCPTimer                                 0x2000003c   Data           4  lwip.o(.data)
    ARPTimer                                 0x20000040   Data           4  lwip.o(.data)
    s_xSemaphore                             0x20000044   Data           4  ethernetif.o(.data)
    pxCurrentTCB                             0x20000060   Data           4  tasks.o(.data)
    memp_pools                               0x200000ec   Data          52  memp.o(.data)
    tcp_input_pcb                            0x2000014c   Data           4  tcp_in.o(.data)
    tcp_ticks                                0x2000015c   Data           4  tcp.o(.data)
    tcp_bound_pcbs                           0x20000160   Data           4  tcp.o(.data)
    tcp_listen_pcbs                          0x20000164   Data           4  tcp.o(.data)
    tcp_active_pcbs                          0x20000168   Data           4  tcp.o(.data)
    tcp_tw_pcbs                              0x2000016c   Data           4  tcp.o(.data)
    tcp_active_pcbs_changed                  0x20000170   Data           1  tcp.o(.data)
    udp_pcbs                                 0x2000017c   Data           4  udp.o(.data)
    netif_list                               0x20000180   Data           4  netif.o(.data)
    netif_default                            0x20000184   Data           4  netif.o(.data)
    pbuf_free_ooseq_pending                  0x2000018c   Data           1  pbuf.o(.data)
    __stdout                                 0x200001a8   Data           4  stdout.o(.data)
    htim1                                    0x200001ac   Data          60  stm32f4xx_hal_timebase_tim.o(.bss)
    huart1                                   0x200001e8   Data          64  usart.o(.bss)
    gnetif                                   0x20000228   Data          52  lwip.o(.bss)
    DMARxDscrTab                             0x2000025c   Data         128  ethernetif.o(.bss)
    DMATxDscrTab                             0x200002dc   Data         128  ethernetif.o(.bss)
    Rx_Buff                                  0x2000035c   Data        6096  ethernetif.o(.bss)
    Tx_Buff                                  0x20001b2c   Data        6096  ethernetif.o(.bss)
    heth                                     0x200032fc   Data          72  ethernetif.o(.bss)
    hi2c1                                    0x20003344   Data          84  i2c.o(.bss)
    hrtc                                     0x20003398   Data          32  rtc.o(.bss)
    htim3                                    0x200033b8   Data          60  tim.o(.bss)
    xQueueRegistry                           0x200070e4   Data          64  queue.o(.bss)
    ip_data                                  0x20007124   Data          24  ip4.o(.bss)
    ram_heap                                 0x2000713c   Data        1620  mem.o(.bss)
    memp_memory_UDP_PCB_base                 0x20007790   Data         384  memp.o(.bss)
    memp_memory_TCP_PCB_base                 0x20007910   Data        1520  memp.o(.bss)
    memp_memory_TCP_PCB_LISTEN_base          0x20007f00   Data         224  memp.o(.bss)
    memp_memory_TCP_SEG_base                 0x20007fe0   Data         256  memp.o(.bss)
    memp_memory_REASSDATA_base               0x200080e0   Data         160  memp.o(.bss)
    memp_memory_FRAG_PBUF_base               0x20008180   Data         360  memp.o(.bss)
    memp_memory_NETBUF_base                  0x200082e8   Data          32  memp.o(.bss)
    memp_memory_NETCONN_base                 0x20008308   Data         176  memp.o(.bss)
    memp_memory_TCPIP_MSG_API_base           0x200083b8   Data         128  memp.o(.bss)
    memp_memory_TCPIP_MSG_INPKT_base         0x20008438   Data         128  memp.o(.bss)
    memp_memory_SYS_TIMEOUT_base             0x200084b8   Data          48  memp.o(.bss)
    memp_memory_PBUF_base                    0x200084e8   Data         256  memp.o(.bss)
    memp_memory_PBUF_POOL_base               0x200085e8   Data        9728  memp.o(.bss)
    __initial_sp                             0x2000b138   Data           0  startup_stm32f429xx.o(STACK)



==============================================================================

Memory Map of the image

  Image Entry point : 0x080001ad

  Load Region LR_IROM1 (Base: 0x08000000, Size: 0x0000dfb4, Max: 0x00100000, ABSOLUTE, COMPRESSED[0x0000de48])

    Execution Region ER_IROM1 (Base: 0x08000000, Size: 0x0000de08, Max: 0x00100000, ABSOLUTE)

    Base Addr    Size         Type   Attr      Idx    E Section Name        Object

    0x08000000   0x000001ac   Data   RO         4355    RESET               startup_stm32f429xx.o
    0x080001ac   0x00000000   Code   RO         8871  * .ARM.Collect$$$$00000000  mc_w.l(entry.o)
    0x080001ac   0x00000004   Code   RO         9156    .ARM.Collect$$$$00000001  mc_w.l(entry2.o)
    0x080001b0   0x00000004   Code   RO         9159    .ARM.Collect$$$$00000004  mc_w.l(entry5.o)
    0x080001b4   0x00000000   Code   RO         9161    .ARM.Collect$$$$00000008  mc_w.l(entry7b.o)
    0x080001b4   0x00000000   Code   RO         9163    .ARM.Collect$$$$0000000A  mc_w.l(entry8b.o)
    0x080001b4   0x00000008   Code   RO         9164    .ARM.Collect$$$$0000000B  mc_w.l(entry9a.o)
    0x080001bc   0x00000000   Code   RO         9166    .ARM.Collect$$$$0000000D  mc_w.l(entry10a.o)
    0x080001bc   0x00000000   Code   RO         9168    .ARM.Collect$$$$0000000F  mc_w.l(entry11a.o)
    0x080001bc   0x00000004   Code   RO         9157    .ARM.Collect$$$$00002712  mc_w.l(entry2.o)
    0x080001c0   0x000000ba   Code   RO         5030    .emb_text           port.o
    0x0800027a   0x00000002   PAD
    0x0800027c   0x00000024   Code   RO         4356    .text               startup_stm32f429xx.o
    0x080002a0   0x00000062   Code   RO         8874    .text               mc_w.l(uldiv.o)
    0x08000302   0x00000024   Code   RO         8876    .text               mc_w.l(memcpya.o)
    0x08000326   0x00000024   Code   RO         8878    .text               mc_w.l(memseta.o)
    0x0800034a   0x0000000e   Code   RO         8880    .text               mc_w.l(strlen.o)
    0x08000358   0x0000001a   Code   RO         8882    .text               mc_w.l(memcmp.o)
    0x08000372   0x00000002   PAD
    0x08000374   0x000000e4   Code   RO         8884    .text               mc_w.l(strerror.o)
    0x08000458   0x0000002c   Code   RO         9171    .text               mc_w.l(uidiv.o)
    0x08000484   0x0000001e   Code   RO         9173    .text               mc_w.l(llshl.o)
    0x080004a2   0x00000020   Code   RO         9175    .text               mc_w.l(llushr.o)
    0x080004c2   0x00000002   PAD
    0x080004c4   0x00000024   Code   RO         9188    .text               mc_w.l(init.o)
    0x080004e8   0x00000056   Code   RO         9202    .text               mc_w.l(__dczerorl2.o)
    0x0800053e   0x00000004   Code   RO         3515    i.BusFault_Handler  stm32f4xx_it.o
    0x08000542   0x00000002   Code   RO         3516    i.DebugMon_Handler  stm32f4xx_it.o
    0x08000544   0x00000016   Code   RO         1090    i.ETH_DMAReceptionDisable  stm32f4xx_hal_eth.o
    0x0800055a   0x00000016   Code   RO         1091    i.ETH_DMAReceptionEnable  stm32f4xx_hal_eth.o
    0x08000570   0x00000016   Code   RO         1092    i.ETH_DMATransmissionDisable  stm32f4xx_hal_eth.o
    0x08000586   0x00000016   Code   RO         1093    i.ETH_DMATransmissionEnable  stm32f4xx_hal_eth.o
    0x0800059c   0x00000028   Code   RO         1094    i.ETH_Delay         stm32f4xx_hal_eth.o
    0x080005c4   0x00000038   Code   RO         1095    i.ETH_FlushTransmitFIFO  stm32f4xx_hal_eth.o
    0x080005fc   0x00000010   Code   RO         3517    i.ETH_IRQHandler    stm32f4xx_it.o
    0x0800060c   0x00000034   Code   RO         1096    i.ETH_MACAddressConfig  stm32f4xx_hal_eth.o
    0x08000640   0x00000244   Code   RO         1097    i.ETH_MACDMAConfig  stm32f4xx_hal_eth.o
    0x08000884   0x00000028   Code   RO         1098    i.ETH_MACReceptionDisable  stm32f4xx_hal_eth.o
    0x080008ac   0x00000028   Code   RO         1099    i.ETH_MACReceptionEnable  stm32f4xx_hal_eth.o
    0x080008d4   0x00000028   Code   RO         1100    i.ETH_MACTransmissionDisable  stm32f4xx_hal_eth.o
    0x080008fc   0x00000028   Code   RO         1101    i.ETH_MACTransmissionEnable  stm32f4xx_hal_eth.o
    0x08000924   0x00000004   Code   RO         3666    i.Error_Handler     main.o
    0x08000928   0x0000001a   Code   RO          299    i.HAL_Delay         stm32f4xx_hal.o
    0x08000942   0x00000002   PAD
    0x08000944   0x00000140   Code   RO         1103    i.HAL_ETH_ConfigMAC  stm32f4xx_hal_eth.o
    0x08000a84   0x0000008c   Code   RO         1104    i.HAL_ETH_DMARxDescListInit  stm32f4xx_hal_eth.o
    0x08000b10   0x00000084   Code   RO         1105    i.HAL_ETH_DMATxDescListInit  stm32f4xx_hal_eth.o
    0x08000b94   0x00000002   Code   RO         1107    i.HAL_ETH_ErrorCallback  stm32f4xx_hal_eth.o
    0x08000b96   0x000000ba   Code   RO         1109    i.HAL_ETH_GetReceivedFrame_IT  stm32f4xx_hal_eth.o
    0x08000c50   0x000000a4   Code   RO         1111    i.HAL_ETH_IRQHandler  stm32f4xx_hal_eth.o
    0x08000cf4   0x000002a0   Code   RO         1112    i.HAL_ETH_Init      stm32f4xx_hal_eth.o
    0x08000f94   0x0000011c   Code   RO         4074    i.HAL_ETH_MspInit   ethernetif.o
    0x080010b0   0x00000092   Code   RO         1115    i.HAL_ETH_ReadPHYRegister  stm32f4xx_hal_eth.o
    0x08001142   0x00000002   PAD
    0x08001144   0x00000014   Code   RO         4075    i.HAL_ETH_RxCpltCallback  ethernetif.o
    0x08001158   0x00000052   Code   RO         1117    i.HAL_ETH_Start     stm32f4xx_hal_eth.o
    0x080011aa   0x00000052   Code   RO         1118    i.HAL_ETH_Stop      stm32f4xx_hal_eth.o
    0x080011fc   0x0000013e   Code   RO         1119    i.HAL_ETH_TransmitFrame  stm32f4xx_hal_eth.o
    0x0800133a   0x00000002   Code   RO         1120    i.HAL_ETH_TxCpltCallback  stm32f4xx_hal_eth.o
    0x0800133c   0x00000090   Code   RO         1121    i.HAL_ETH_WritePHYRegister  stm32f4xx_hal_eth.o
    0x080013cc   0x0000021c   Code   RO          229    i.HAL_GPIO_Init     stm32f4xx_hal_gpio.o
    0x080015e8   0x0000000c   Code   RO          233    i.HAL_GPIO_WritePin  stm32f4xx_hal_gpio.o
    0x080015f4   0x0000000c   Code   RO          307    i.HAL_GetTick       stm32f4xx_hal.o
    0x08001600   0x00000128   Code   RO         1587    i.HAL_I2C_Init      stm32f4xx_hal_i2c.o
    0x08001728   0x0000005c   Code   RO         4180    i.HAL_I2C_MspInit   i2c.o
    0x08001784   0x00000010   Code   RO          308    i.HAL_IncTick       stm32f4xx_hal.o
    0x08001794   0x0000003c   Code   RO          309    i.HAL_Init          stm32f4xx_hal.o
    0x080017d0   0x0000008c   Code   RO         3877    i.HAL_InitTick      stm32f4xx_hal_timebase_tim.o
    0x0800185c   0x00000056   Code   RO         3642    i.HAL_MspInit       stm32f4xx_hal_msp.o
    0x080018b2   0x0000001a   Code   RO          737    i.HAL_NVIC_EnableIRQ  stm32f4xx_hal_cortex.o
    0x080018cc   0x0000007c   Code   RO          743    i.HAL_NVIC_SetPriority  stm32f4xx_hal_cortex.o
    0x08001948   0x00000028   Code   RO          744    i.HAL_NVIC_SetPriorityGrouping  stm32f4xx_hal_cortex.o
    0x08001970   0x000000a4   Code   RO          868    i.HAL_PWREx_EnableOverDrive  stm32f4xx_hal_pwr_ex.o
    0x08001a14   0x00000370   Code   RO          935    i.HAL_RCCEx_PeriphCLKConfig  stm32f4xx_hal_rcc_ex.o
    0x08001d84   0x000001d0   Code   RO            5    i.HAL_RCC_ClockConfig  stm32f4xx_hal_rcc.o
    0x08001f54   0x00000044   Code   RO            9    i.HAL_RCC_GetClockConfig  stm32f4xx_hal_rcc.o
    0x08001f98   0x0000000c   Code   RO           10    i.HAL_RCC_GetHCLKFreq  stm32f4xx_hal_rcc.o
    0x08001fa4   0x0000002c   Code   RO           12    i.HAL_RCC_GetPCLK1Freq  stm32f4xx_hal_rcc.o
    0x08001fd0   0x0000002c   Code   RO           13    i.HAL_RCC_GetPCLK2Freq  stm32f4xx_hal_rcc.o
    0x08001ffc   0x000000d4   Code   RO           14    i.HAL_RCC_GetSysClockFreq  stm32f4xx_hal_rcc.o
    0x080020d0   0x0000044c   Code   RO           17    i.HAL_RCC_OscConfig  stm32f4xx_hal_rcc.o
    0x0800251c   0x000000b4   Code   RO         1446    i.HAL_RTC_Init      stm32f4xx_hal_rtc.o
    0x080025d0   0x00000018   Code   RO         4222    i.HAL_RTC_MspInit   rtc.o
    0x080025e8   0x00000114   Code   RO         1452    i.HAL_RTC_SetDate   stm32f4xx_hal_rtc.o
    0x080026fc   0x00000134   Code   RO         1453    i.HAL_RTC_SetTime   stm32f4xx_hal_rtc.o
    0x08002830   0x0000003a   Code   RO         1454    i.HAL_RTC_WaitForSynchro  stm32f4xx_hal_rtc.o
    0x0800286a   0x00000028   Code   RO          746    i.HAL_SYSTICK_CLKSourceConfig  stm32f4xx_hal_cortex.o
    0x08002892   0x00000034   Code   RO          748    i.HAL_SYSTICK_Config  stm32f4xx_hal_cortex.o
    0x080028c6   0x00000002   Code   RO         2981    i.HAL_TIMEx_BreakCallback  stm32f4xx_hal_tim_ex.o
    0x080028c8   0x00000002   Code   RO         2982    i.HAL_TIMEx_CommutationCallback  stm32f4xx_hal_tim_ex.o
    0x080028ca   0x00000062   Code   RO         2998    i.HAL_TIMEx_MasterConfigSynchronization  stm32f4xx_hal_tim_ex.o
    0x0800292c   0x00000034   Code   RO         2342    i.HAL_TIM_Base_Init  stm32f4xx_hal_tim.o
    0x08002960   0x00000048   Code   RO         4315    i.HAL_TIM_Base_MspInit  tim.o
    0x080029a8   0x0000001e   Code   RO         2347    i.HAL_TIM_Base_Start_IT  stm32f4xx_hal_tim.o
    0x080029c6   0x00000132   Code   RO         2351    i.HAL_TIM_ConfigClockSource  stm32f4xx_hal_tim.o
    0x08002af8   0x00000002   Code   RO         2371    i.HAL_TIM_IC_CaptureCallback  stm32f4xx_hal_tim.o
    0x08002afa   0x00000196   Code   RO         2384    i.HAL_TIM_IRQHandler  stm32f4xx_hal_tim.o
    0x08002c90   0x00000002   Code   RO         2387    i.HAL_TIM_OC_DelayElapsedCallback  stm32f4xx_hal_tim.o
    0x08002c92   0x00000002   Code   RO         2414    i.HAL_TIM_PWM_PulseFinishedCallback  stm32f4xx_hal_tim.o
    0x08002c94   0x00000030   Code   RO         3667    i.HAL_TIM_PeriodElapsedCallback  main.o
    0x08002cc4   0x00000002   Code   RO         2425    i.HAL_TIM_TriggerCallback  stm32f4xx_hal_tim.o
    0x08002cc6   0x00000072   Code   RO         2034    i.HAL_UART_Init     stm32f4xx_hal_uart.o
    0x08002d38   0x0000005c   Code   RO         3918    i.HAL_UART_MspInit  usart.o
    0x08002d94   0x000000d6   Code   RO         2042    i.HAL_UART_Transmit  stm32f4xx_hal_uart.o
    0x08002e6a   0x00000004   Code   RO         3518    i.HardFault_Handler  stm32f4xx_it.o
    0x08002e6e   0x00000002   PAD
    0x08002e70   0x00000284   Code   RO         3853    i.MX_GPIO_Init      gpio.o
    0x080030f4   0x0000003c   Code   RO         4181    i.MX_I2C1_Init      i2c.o
    0x08003130   0x00000144   Code   RO         3966    i.MX_LWIP_Init      lwip.o
    0x08003274   0x0000007c   Code   RO         4223    i.MX_RTC_Init       rtc.o
    0x080032f0   0x00000064   Code   RO         4316    i.MX_TIM3_Init      tim.o
    0x08003354   0x00000038   Code   RO         3919    i.MX_USART1_UART_Init  usart.o
    0x0800338c   0x00000004   Code   RO         3519    i.MemManage_Handler  stm32f4xx_it.o
    0x08003390   0x00000002   Code   RO         3520    i.NMI_Handler       stm32f4xx_it.o
    0x08003392   0x00000002   PAD
    0x08003394   0x00000010   Code   RO          750    i.NVIC_GetPriorityGrouping  stm32f4xx_hal_cortex.o
    0x080033a4   0x00000028   Code   RO          751    i.NVIC_SetPriority  stm32f4xx_hal_cortex.o
    0x080033cc   0x00000016   Code   RO         1455    i.RTC_Bcd2ToByte    stm32f4xx_hal_rtc.o
    0x080033e2   0x0000001a   Code   RO         1456    i.RTC_ByteToBcd2    stm32f4xx_hal_rtc.o
    0x080033fc   0x0000003e   Code   RO         1457    i.RTC_EnterInitMode  stm32f4xx_hal_rtc.o
    0x0800343a   0x00000008   Code   RO         3521    i.SysTick_Handler   stm32f4xx_it.o
    0x08003442   0x00000002   PAD
    0x08003444   0x000000e8   Code   RO         3669    i.SystemClock_Config  main.o
    0x0800352c   0x00000064   Code   RO         3479    i.SystemInit        system_stm32f4xx.o
    0x08003590   0x00000010   Code   RO         3522    i.TIM1_UP_TIM10_IRQHandler  stm32f4xx_it.o
    0x080035a0   0x00000058   Code   RO         3523    i.TIM3_IRQHandler   stm32f4xx_it.o
    0x080035f8   0x000000e4   Code   RO         2426    i.TIM_Base_SetConfig  stm32f4xx_hal_tim.o
    0x080036dc   0x00000018   Code   RO         2433    i.TIM_ETR_SetConfig  stm32f4xx_hal_tim.o
    0x080036f4   0x00000014   Code   RO         2434    i.TIM_ITRx_SetConfig  stm32f4xx_hal_tim.o
    0x08003708   0x0000002a   Code   RO         2440    i.TIM_TI1_ConfigInputStage  stm32f4xx_hal_tim.o
    0x08003732   0x0000002c   Code   RO         2442    i.TIM_TI2_ConfigInputStage  stm32f4xx_hal_tim.o
    0x0800375e   0x00000002   PAD
    0x08003760   0x00000368   Code   RO         2061    i.UART_SetConfig    stm32f4xx_hal_uart.o
    0x08003ac8   0x0000006c   Code   RO         2063    i.UART_WaitOnFlagUntilTimeout  stm32f4xx_hal_uart.o
    0x08003b34   0x00000004   Code   RO         3524    i.UsageFault_Handler  stm32f4xx_it.o
    0x08003b38   0x00000020   Code   RO         8977    i.__0printf$3       mc_w.l(printf3.o)
    0x08003b58   0x00000008   Code   RO         9149    i.__aeabi_errno_addr  mc_w.l(errno.o)
    0x08003b60   0x0000000e   Code   RO         9196    i.__scatterload_copy  mc_w.l(handlers.o)
    0x08003b6e   0x00000002   Code   RO         9197    i.__scatterload_null  mc_w.l(handlers.o)
    0x08003b70   0x0000000e   Code   RO         9198    i.__scatterload_zeroinit  mc_w.l(handlers.o)
    0x08003b7e   0x00000002   PAD
    0x08003b80   0x000001b8   Code   RO         8984    i._printf_core      mc_w.l(printf3.o)
    0x08003d38   0x00000098   Code   RO         6440    i.alloc_socket      sockets.o
    0x08003dd0   0x0000001c   Code   RO         8506    i.arp_timer         lwip_timers.o
    0x08003dec   0x00000014   Code   RO         6290    i.do_memp_free_pool  memp.o
    0x08003e00   0x000000d4   Code   RO         6104    i.err_tcp           api_msg.o
    0x08003ed4   0x00000100   Code   RO         7815    i.etharp_arp_input  etharp.o
    0x08003fd4   0x00000038   Code   RO         7816    i.etharp_cleanup_netif  etharp.o
    0x0800400c   0x00000160   Code   RO         7818    i.etharp_find_entry  etharp.o
    0x0800416c   0x00000040   Code   RO         7819    i.etharp_free_entry  etharp.o
    0x080041ac   0x00000140   Code   RO         7821    i.etharp_output     etharp.o
    0x080042ec   0x000000b0   Code   RO         7822    i.etharp_output_to_arp_index  etharp.o
    0x0800439c   0x0000016c   Code   RO         7823    i.etharp_query      etharp.o
    0x08004508   0x000000b2   Code   RO         7824    i.etharp_raw        etharp.o
    0x080045ba   0x00000002   PAD
    0x080045bc   0x00000018   Code   RO         7825    i.etharp_request    etharp.o
    0x080045d4   0x0000002c   Code   RO         7826    i.etharp_request_dst  etharp.o
    0x08004600   0x00000038   Code   RO         7827    i.etharp_send_ip    etharp.o
    0x08004638   0x000000dc   Code   RO         7828    i.etharp_tmr        etharp.o
    0x08004714   0x000000b8   Code   RO         7829    i.etharp_update_arp_entry  etharp.o
    0x080047cc   0x000000b8   Code   RO         7830    i.ethernet_input    etharp.o
    0x08004884   0x00000030   Code   RO         4076    i.ethernetif_init   ethernetif.o
    0x080048b4   0x00000040   Code   RO         4077    i.ethernetif_input  ethernetif.o
    0x080048f4   0x00000002   Code   RO         4078    i.ethernetif_notify_conn_changed  ethernetif.o
    0x080048f6   0x00000002   PAD
    0x080048f8   0x0000008c   Code   RO         4079    i.ethernetif_set_link  ethernetif.o
    0x08004984   0x000000d4   Code   RO         4080    i.ethernetif_update_config  ethernetif.o
    0x08004a58   0x0000017c   Code   RO         6441    i.event_callback    sockets.o
    0x08004bd4   0x0000001c   Code   RO         3920    i.fputc             usart.o
    0x08004bf0   0x0000002a   Code   RO         6442    i.free_socket       sockets.o
    0x08004c1a   0x00000002   PAD
    0x08004c1c   0x00000044   Code   RO         6443    i.get_socket        sockets.o
    0x08004c60   0x00000012   Code   RO         8598    i.icmp_dest_unreach  icmp.o
    0x08004c72   0x00000002   PAD
    0x08004c74   0x00000164   Code   RO         8599    i.icmp_input        icmp.o
    0x08004dd8   0x00000074   Code   RO         8600    i.icmp_send_response  icmp.o
    0x08004e4c   0x00000012   Code   RO         8601    i.icmp_time_exceeded  icmp.o
    0x08004e5e   0x00000010   Code   RO         5097    i.inHandlerMode     cmsis_os.o
    0x08004e6e   0x0000004e   Code   RO         5752    i.ip4_addr_isbroadcast_u32  ip4_addr.o
    0x08004ebc   0x0000019c   Code   RO         7100    i.ip4_frag          ip_frag.o
    0x08005058   0x00000194   Code   RO         5582    i.ip4_input         ip4.o
    0x080051ec   0x00000036   Code   RO         5584    i.ip4_output_if     ip4.o
    0x08005222   0x00000002   PAD
    0x08005224   0x000000c8   Code   RO         5585    i.ip4_output_if_src  ip4.o
    0x080052ec   0x000001a0   Code   RO         7101    i.ip4_reass         ip_frag.o
    0x0800548c   0x00000090   Code   RO         5586    i.ip4_route         ip4.o
    0x0800551c   0x0000018c   Code   RO         5754    i.ip4addr_aton      ip4_addr.o
    0x080056a8   0x0000000a   Code   RO         7102    i.ip_frag_alloc_pbuf_custom_ref  ip_frag.o
    0x080056b2   0x00000012   Code   RO         7103    i.ip_frag_free_pbuf_custom_ref  ip_frag.o
    0x080056c4   0x00000010   Code   RO         5587    i.ip_input          ip4.o
    0x080056d4   0x0000016c   Code   RO         7104    i.ip_reass_chain_frag_into_datagram_and_validate  ip_frag.o
    0x08005840   0x0000002c   Code   RO         7105    i.ip_reass_dequeue_datagram  ip_frag.o
    0x0800586c   0x00000054   Code   RO         7106    i.ip_reass_enqueue_new_datagram  ip_frag.o
    0x080058c0   0x000000a0   Code   RO         7107    i.ip_reass_free_complete_datagram  ip_frag.o
    0x08005960   0x00000088   Code   RO         7108    i.ip_reass_remove_oldest_datagram  ip_frag.o
    0x080059e8   0x0000001c   Code   RO         8507    i.ip_reass_timer    lwip_timers.o
    0x08005a04   0x00000034   Code   RO         7109    i.ip_reass_tmr      ip_frag.o
    0x08005a38   0x00000018   Code   RO         5757    i.ipaddr_addr       ip4_addr.o
    0x08005a50   0x00000020   Code   RO         7110    i.ipfrag_free_pbuf_custom  ip_frag.o
    0x08005a70   0x00000118   Code   RO         4081    i.low_level_init    ethernetif.o
    0x08005b88   0x00000104   Code   RO         4082    i.low_level_input   ethernetif.o
    0x08005c8c   0x000000e8   Code   RO         4083    i.low_level_output  ethernetif.o
    0x08005d74   0x00000084   Code   RO         6446    i.lwip_close        sockets.o
    0x08005df8   0x000000c4   Code   RO         6447    i.lwip_connect      sockets.o
    0x08005ebc   0x0000001a   Code   RO         5817    i.lwip_htonl        def.o
    0x08005ed6   0x0000000c   Code   RO         5818    i.lwip_htons        def.o
    0x08005ee2   0x00000020   Code   RO         7178    i.lwip_init         init.o
    0x08005f02   0x00000002   PAD
    0x08005f04   0x000001c4   Code   RO         6107    i.lwip_netconn_do_close_internal  api_msg.o
    0x080060c8   0x000000e4   Code   RO         6108    i.lwip_netconn_do_connect  api_msg.o
    0x080061ac   0x00000090   Code   RO         6109    i.lwip_netconn_do_connected  api_msg.o
    0x0800623c   0x000000dc   Code   RO         6110    i.lwip_netconn_do_delconn  api_msg.o
    0x08006318   0x0000004c   Code   RO         6111    i.lwip_netconn_do_disconnect  api_msg.o
    0x08006364   0x0000003e   Code   RO         6114    i.lwip_netconn_do_newconn  api_msg.o
    0x080063a2   0x00000088   Code   RO         6116    i.lwip_netconn_do_send  api_msg.o
    0x0800642a   0x0000008c   Code   RO         6117    i.lwip_netconn_do_write  api_msg.o
    0x080064b6   0x00000198   Code   RO         6118    i.lwip_netconn_do_writemore  api_msg.o
    0x0800664e   0x0000000c   Code   RO         5819    i.lwip_ntohl        def.o
    0x0800665a   0x0000000c   Code   RO         5820    i.lwip_ntohs        def.o
    0x08006666   0x00000002   PAD
    0x08006668   0x000000ac   Code   RO         6462    i.lwip_send         sockets.o
    0x08006714   0x00000108   Code   RO         6464    i.lwip_sendto       sockets.o
    0x0800681c   0x000000d0   Code   RO         6465    i.lwip_setsockopt   sockets.o
    0x080068ec   0x00000022   Code   RO         6466    i.lwip_setsockopt_callback  sockets.o
    0x0800690e   0x000001f2   Code   RO         6467    i.lwip_setsockopt_impl  sockets.o
    0x08006b00   0x000000b8   Code   RO         6469    i.lwip_socket       sockets.o
    0x08006bb8   0x00000080   Code   RO         3670    i.main              main.o
    0x08006c38   0x0000000e   Code   RO         5099    i.makeFreeRtosPriority  cmsis_os.o
    0x08006c46   0x00000002   PAD
    0x08006c48   0x00000060   Code   RO         6047    i.mem_free          mem.o
    0x08006ca8   0x0000006c   Code   RO         6048    i.mem_init          mem.o
    0x08006d14   0x0000010c   Code   RO         6049    i.mem_malloc        mem.o
    0x08006e20   0x00000118   Code   RO         6050    i.mem_trim          mem.o
    0x08006f38   0x00000024   Code   RO         6291    i.memp_free         memp.o
    0x08006f5c   0x0000002c   Code   RO         6293    i.memp_init         memp.o
    0x08006f88   0x0000002c   Code   RO         6294    i.memp_init_pool    memp.o
    0x08006fb4   0x00000024   Code   RO         6295    i.memp_malloc       memp.o
    0x08006fd8   0x00000016   Code   RO         6296    i.memp_malloc_pool  memp.o
    0x08006fee   0x00000020   Code   RO         5503    i.netbuf_delete     netbuf.o
    0x0800700e   0x00000020   Code   RO         5505    i.netbuf_free       netbuf.o
    0x0800702e   0x0000004a   Code   RO         5508    i.netbuf_ref        netbuf.o
    0x08007078   0x0000008a   Code   RO         6119    i.netconn_alloc     api_msg.o
    0x08007102   0x00000002   PAD
    0x08007104   0x00000038   Code   RO         6812    i.netconn_connect   api_lib.o
    0x0800713c   0x0000003c   Code   RO         6813    i.netconn_delete    api_lib.o
    0x08007178   0x00000030   Code   RO         6814    i.netconn_disconnect  api_lib.o
    0x080071a8   0x000000ae   Code   RO         6120    i.netconn_drain     api_msg.o
    0x08007256   0x0000003a   Code   RO         6121    i.netconn_free      api_msg.o
    0x08007290   0x00000084   Code   RO         6817    i.netconn_new_with_proto_and_callback  api_lib.o
    0x08007314   0x00000034   Code   RO         6822    i.netconn_send      api_lib.o
    0x08007348   0x00000098   Code   RO         6825    i.netconn_write_partly  api_lib.o
    0x080073e0   0x00000078   Code   RO         7680    i.netif_add         netif.o
    0x08007458   0x00000002   Code   RO         7682    i.netif_init        netif.o
    0x0800745a   0x00000024   Code   RO         7683    i.netif_issue_reports  netif.o
    0x0800747e   0x00000028   Code   RO         7685    i.netif_set_addr    netif.o
    0x080074a6   0x00000002   PAD
    0x080074a8   0x0000000c   Code   RO         7686    i.netif_set_default  netif.o
    0x080074b4   0x0000002a   Code   RO         7687    i.netif_set_down    netif.o
    0x080074de   0x0000000c   Code   RO         7688    i.netif_set_gw      netif.o
    0x080074ea   0x00000002   PAD
    0x080074ec   0x0000004c   Code   RO         7689    i.netif_set_ipaddr  netif.o
    0x08007538   0x00000006   Code   RO         7690    i.netif_set_link_callback  netif.o
    0x0800753e   0x0000002a   Code   RO         7691    i.netif_set_link_down  netif.o
    0x08007568   0x0000003a   Code   RO         7692    i.netif_set_link_up  netif.o
    0x080075a2   0x0000000c   Code   RO         7693    i.netif_set_netmask  netif.o
    0x080075ae   0x0000002c   Code   RO         7694    i.netif_set_up      netif.o
    0x080075da   0x0000000a   Code   RO         5103    i.osKernelStart     cmsis_os.o
    0x080075e4   0x0000002c   Code   RO         5126    i.osSemaphoreCreate  cmsis_os.o
    0x08007610   0x00000050   Code   RO         5128    i.osSemaphoreRelease  cmsis_os.o
    0x08007660   0x0000006c   Code   RO         5129    i.osSemaphoreWait   cmsis_os.o
    0x080076cc   0x00000010   Code   RO         5132    i.osSystickHandler  cmsis_os.o
    0x080076dc   0x0000003a   Code   RO         5133    i.osThreadCreate    cmsis_os.o
    0x08007716   0x00000194   Code   RO         8183    i.pbuf_alloc        pbuf.o
    0x080078aa   0x0000006e   Code   RO         8184    i.pbuf_alloced_custom  pbuf.o
    0x08007918   0x00000038   Code   RO         8185    i.pbuf_cat          pbuf.o
    0x08007950   0x00000016   Code   RO         8186    i.pbuf_chain        pbuf.o
    0x08007966   0x00000012   Code   RO         8187    i.pbuf_clen         pbuf.o
    0x08007978   0x000000c0   Code   RO         8189    i.pbuf_copy         pbuf.o
    0x08007a38   0x00000092   Code   RO         8190    i.pbuf_copy_partial  pbuf.o
    0x08007aca   0x00000086   Code   RO         8192    i.pbuf_free         pbuf.o
    0x08007b50   0x00000034   Code   RO         8193    i.pbuf_free_ooseq   pbuf.o
    0x08007b84   0x0000000a   Code   RO         8194    i.pbuf_free_ooseq_callback  pbuf.o
    0x08007b8e   0x00000012   Code   RO         8196    i.pbuf_header       pbuf.o
    0x08007ba0   0x00000012   Code   RO         8197    i.pbuf_header_force  pbuf.o
    0x08007bb2   0x0000008e   Code   RO         8198    i.pbuf_header_impl  pbuf.o
    0x08007c40   0x00000030   Code   RO         8201    i.pbuf_pool_is_empty  pbuf.o
    0x08007c70   0x00000080   Code   RO         8203    i.pbuf_realloc      pbuf.o
    0x08007cf0   0x0000000a   Code   RO         8204    i.pbuf_ref          pbuf.o
    0x08007cfa   0x00000002   PAD
    0x08007cfc   0x00000074   Code   RO         6122    i.pcb_new           api_msg.o
    0x08007d70   0x00000088   Code   RO         6051    i.plug_holes        mem.o
    0x08007df8   0x00000078   Code   RO         6123    i.poll_tcp          api_msg.o
    0x08007e70   0x00000054   Code   RO         4434    i.prvAddCurrentTaskToDelayedList  tasks.o
    0x08007ec4   0x00000042   Code   RO         4435    i.prvAllocateTCBAndStack  tasks.o
    0x08007f06   0x00000002   PAD
    0x08007f08   0x00000064   Code   RO         4436    i.prvCheckTasksWaitingTermination  tasks.o
    0x08007f6c   0x0000002a   Code   RO         4825    i.prvCopyDataFromQueue  queue.o
    0x08007f96   0x00000080   Code   RO         4826    i.prvCopyDataToQueue  queue.o
    0x08008016   0x00000012   Code   RO         4437    i.prvDeleteTCB      tasks.o
    0x08008028   0x0000007c   Code   RO         4360    i.prvHeapInit       heap_4.o
    0x080080a4   0x00000028   Code   RO         4438    i.prvIdleTask       tasks.o
    0x080080cc   0x00000062   Code   RO         4439    i.prvInitialiseTCBVariables  tasks.o
    0x0800812e   0x00000002   PAD
    0x08008130   0x00000068   Code   RO         4440    i.prvInitialiseTaskLists  tasks.o
    0x08008198   0x00000068   Code   RO         4361    i.prvInsertBlockIntoFreeList  heap_4.o
    0x08008200   0x0000001a   Code   RO         4827    i.prvIsQueueEmpty   queue.o
    0x0800821a   0x0000001e   Code   RO         4828    i.prvIsQueueFull    queue.o
    0x08008238   0x00000034   Code   RO         4442    i.prvResetNextTaskUnblockTime  tasks.o
    0x0800826c   0x00000040   Code   RO         5031    i.prvTaskExitError  port.o
    0x080082ac   0x0000007e   Code   RO         4829    i.prvUnlockQueue    queue.o
    0x0800832a   0x00000002   PAD
    0x0800832c   0x0000013c   Code   RO         4362    i.pvPortMalloc      heap_4.o
    0x08008468   0x00000020   Code   RO         4445    i.pvTaskIncrementMutexHeldCount  tasks.o
    0x08008488   0x00000028   Code   RO         5032    i.pxPortInitialiseStack  port.o
    0x080084b0   0x00000086   Code   RO         6124    i.recv_tcp          api_msg.o
    0x08008536   0x00000082   Code   RO         6125    i.recv_udp          api_msg.o
    0x080085b8   0x00000062   Code   RO         6126    i.sent_tcp          api_msg.o
    0x0800861a   0x00000002   PAD
    0x0800861c   0x00000044   Code   RO         6127    i.setup_tcp         api_msg.o
    0x08008660   0x00000062   Code   RO         8004    i.sys_arch_mbox_fetch  sys_arch.o
    0x080086c2   0x00000024   Code   RO         8005    i.sys_arch_mbox_tryfetch  sys_arch.o
    0x080086e6   0x00000056   Code   RO         8007    i.sys_arch_sem_wait  sys_arch.o
    0x0800873c   0x0000000c   Code   RO         8010    i.sys_init          sys_arch.o
    0x08008748   0x00000012   Code   RO         8011    i.sys_mbox_free     sys_arch.o
    0x0800875a   0x00000020   Code   RO         8012    i.sys_mbox_new      sys_arch.o
    0x0800877a   0x00000018   Code   RO         8013    i.sys_mbox_post     sys_arch.o
    0x08008792   0x00000006   Code   RO         8014    i.sys_mbox_set_invalid  sys_arch.o
    0x08008798   0x00000020   Code   RO         8015    i.sys_mbox_trypost  sys_arch.o
    0x080087b8   0x0000000e   Code   RO         8016    i.sys_mbox_valid    sys_arch.o
    0x080087c6   0x0000000e   Code   RO         8018    i.sys_mutex_lock    sys_arch.o
    0x080087d4   0x0000001a   Code   RO         8019    i.sys_mutex_new     sys_arch.o
    0x080087ee   0x00000012   Code   RO         8020    i.sys_mutex_unlock  sys_arch.o
    0x08008800   0x0000000c   Code   RO         8021    i.sys_sem_free      sys_arch.o
    0x0800880c   0x0000003e   Code   RO         8022    i.sys_sem_new       sys_arch.o
    0x0800884a   0x00000006   Code   RO         8023    i.sys_sem_set_invalid  sys_arch.o
    0x08008850   0x00000012   Code   RO         8024    i.sys_sem_signal    sys_arch.o
    0x08008862   0x0000000e   Code   RO         8025    i.sys_sem_valid     sys_arch.o
    0x08008870   0x00000050   Code   RO         8026    i.sys_thread_new    sys_arch.o
    0x080088c0   0x0000009c   Code   RO         8508    i.sys_timeout       lwip_timers.o
    0x0800895c   0x00000024   Code   RO         8509    i.sys_timeouts_init  lwip_timers.o
    0x08008980   0x00000088   Code   RO         8510    i.sys_timeouts_mbox_fetch  lwip_timers.o
    0x08008a08   0x000000f4   Code   RO         7208    i.tcp_abandon       tcp.o
    0x08008afc   0x0000000e   Code   RO         7209    i.tcp_abort         tcp.o
    0x08008b0a   0x00000004   Code   RO         7210    i.tcp_accept        tcp.o
    0x08008b0e   0x00000002   PAD
    0x08008b10   0x000000e0   Code   RO         7212    i.tcp_alloc         tcp.o
    0x08008bf0   0x00000004   Code   RO         7213    i.tcp_arg           tcp.o
    0x08008bf4   0x00000298   Code   RO         3671    i.tcp_client_thread  main.o
    0x08008e8c   0x0000001c   Code   RO         7215    i.tcp_close         tcp.o
    0x08008ea8   0x000001a8   Code   RO         7216    i.tcp_close_shutdown  tcp.o
    0x08009050   0x00000154   Code   RO         7217    i.tcp_connect       tcp.o
    0x080091a4   0x000000be   Code   RO         8729    i.tcp_create_segment  tcp_out.o
    0x08009262   0x0000003a   Code   RO         7219    i.tcp_eff_send_mss_impl  tcp.o
    0x0800929c   0x00000124   Code   RO         8730    i.tcp_enqueue_flags  tcp_out.o
    0x080093c0   0x0000000a   Code   RO         7220    i.tcp_err           tcp.o
    0x080093ca   0x00000002   PAD
    0x080093cc   0x0000007c   Code   RO         7221    i.tcp_fasttmr       tcp.o
    0x08009448   0x00000058   Code   RO         6988    i.tcp_getoptbyte    tcp_in.o
    0x080094a0   0x00000002   Code   RO         7222    i.tcp_init          tcp.o
    0x080094a2   0x00000002   PAD
    0x080094a4   0x000004f4   Code   RO         6989    i.tcp_input         tcp_in.o
    0x08009998   0x0000005a   Code   RO         8731    i.tcp_keepalive     tcp_out.o
    0x080099f2   0x00000002   PAD
    0x080099f4   0x00000058   Code   RO         7223    i.tcp_kill_prio     tcp.o
    0x08009a4c   0x0000004c   Code   RO         7224    i.tcp_kill_state    tcp.o
    0x08009a98   0x0000003c   Code   RO         7225    i.tcp_kill_timewait  tcp.o
    0x08009ad4   0x00000128   Code   RO         6990    i.tcp_listen_input  tcp_in.o
    0x08009bfc   0x00000054   Code   RO         7227    i.tcp_netif_ipv4_addr_changed  tcp.o
    0x08009c50   0x0000002a   Code   RO         7228    i.tcp_netif_ipv4_addr_changed_pcblist  tcp.o
    0x08009c7a   0x0000000a   Code   RO         7229    i.tcp_new           tcp.o
    0x08009c84   0x00000068   Code   RO         7230    i.tcp_new_port      tcp.o
    0x08009cec   0x0000001c   Code   RO         7231    i.tcp_next_iss      tcp.o
    0x08009d08   0x00000090   Code   RO         6991    i.tcp_oos_insert_segment  tcp_in.o
    0x08009d98   0x000001d8   Code   RO         8732    i.tcp_output        tcp_out.o
    0x08009f70   0x00000078   Code   RO         8733    i.tcp_output_alloc_header  tcp_out.o
    0x08009fe8   0x000000e8   Code   RO         8734    i.tcp_output_segment  tcp_out.o
    0x0800a0d0   0x000000c0   Code   RO         6992    i.tcp_parseopt      tcp_in.o
    0x0800a190   0x00000078   Code   RO         8735    i.tcp_pbuf_prealloc  tcp_out.o
    0x0800a208   0x00000048   Code   RO         7232    i.tcp_pcb_purge     tcp.o
    0x0800a250   0x0000007c   Code   RO         7233    i.tcp_pcb_remove    tcp.o
    0x0800a2cc   0x0000000e   Code   RO         7234    i.tcp_poll          tcp.o
    0x0800a2da   0x00000002   PAD
    0x0800a2dc   0x00000578   Code   RO         6993    i.tcp_process       tcp_in.o
    0x0800a854   0x00000094   Code   RO         7235    i.tcp_process_refused_data  tcp.o
    0x0800a8e8   0x000009e8   Code   RO         6994    i.tcp_receive       tcp_in.o
    0x0800b2d0   0x0000000a   Code   RO         7236    i.tcp_recv          tcp.o
    0x0800b2da   0x0000002e   Code   RO         7237    i.tcp_recv_null     tcp.o
    0x0800b308   0x0000005e   Code   RO         7238    i.tcp_recved        tcp.o
    0x0800b366   0x0000005a   Code   RO         8736    i.tcp_rexmit        tcp_out.o
    0x0800b3c0   0x00000070   Code   RO         8737    i.tcp_rexmit_fast   tcp_out.o
    0x0800b430   0x0000003a   Code   RO         8738    i.tcp_rexmit_rto    tcp_out.o
    0x0800b46a   0x00000088   Code   RO         8739    i.tcp_rst           tcp_out.o
    0x0800b4f2   0x00000024   Code   RO         7239    i.tcp_seg_copy      tcp.o
    0x0800b516   0x0000001a   Code   RO         7240    i.tcp_seg_free      tcp.o
    0x0800b530   0x00000018   Code   RO         7241    i.tcp_segs_free     tcp.o
    0x0800b548   0x00000076   Code   RO         8740    i.tcp_send_empty_ack  tcp_out.o
    0x0800b5be   0x0000004a   Code   RO         8741    i.tcp_send_fin      tcp_out.o
    0x0800b608   0x00000008   Code   RO         7242    i.tcp_sent          tcp.o
    0x0800b610   0x00000062   Code   RO         7244    i.tcp_shutdown      tcp.o
    0x0800b672   0x00000002   PAD
    0x0800b674   0x00000374   Code   RO         7245    i.tcp_slowtmr       tcp.o
    0x0800b9e8   0x00000038   Code   RO         8512    i.tcp_timer_needed  lwip_timers.o
    0x0800ba20   0x000000a8   Code   RO         6995    i.tcp_timewait_input  tcp_in.o
    0x0800bac8   0x00000024   Code   RO         7246    i.tcp_tmr           tcp.o
    0x0800baec   0x00000014   Code   RO         6996    i.tcp_trigger_input_pcb_close  tcp_in.o
    0x0800bb00   0x0000004e   Code   RO         7248    i.tcp_update_rcv_ann_wnd  tcp.o
    0x0800bb4e   0x000003a4   Code   RO         8742    i.tcp_write         tcp_out.o
    0x0800bef2   0x00000070   Code   RO         8743    i.tcp_write_checks  tcp_out.o
    0x0800bf62   0x000000c6   Code   RO         8744    i.tcp_zero_window_probe  tcp_out.o
    0x0800c028   0x0000003c   Code   RO         8398    i.tcpip_apimsg      tcpip.o
    0x0800c064   0x00000060   Code   RO         8399    i.tcpip_callback_with_block  tcpip.o
    0x0800c0c4   0x00000054   Code   RO         8402    i.tcpip_init        tcpip.o
    0x0800c118   0x00000038   Code   RO         8513    i.tcpip_tcp_timer   lwip_timers.o
    0x0800c150   0x000000ac   Code   RO         8404    i.tcpip_thread      tcpip.o
    0x0800c1fc   0x00000030   Code   RO         6474    i.tryget_socket     sockets.o
    0x0800c22c   0x00000098   Code   RO         7516    i.udp_bind          udp.o
    0x0800c2c4   0x0000006c   Code   RO         7517    i.udp_connect       udp.o
    0x0800c330   0x00000010   Code   RO         7518    i.udp_disconnect    udp.o
    0x0800c340   0x00000002   Code   RO         7519    i.udp_init          udp.o
    0x0800c342   0x00000002   PAD
    0x0800c344   0x00000174   Code   RO         7520    i.udp_input         udp.o
    0x0800c4b8   0x00000030   Code   RO         7521    i.udp_netif_ipv4_addr_changed  udp.o
    0x0800c4e8   0x0000001c   Code   RO         7522    i.udp_new           udp.o
    0x0800c504   0x00000058   Code   RO         7523    i.udp_new_port      udp.o
    0x0800c55c   0x00000006   Code   RO         7524    i.udp_recv          udp.o
    0x0800c562   0x00000002   PAD
    0x0800c564   0x00000044   Code   RO         7525    i.udp_remove        udp.o
    0x0800c5a8   0x00000014   Code   RO         7526    i.udp_send          udp.o
    0x0800c5bc   0x0000003a   Code   RO         7527    i.udp_sendto        udp.o
    0x0800c5f6   0x00000046   Code   RO         7528    i.udp_sendto_if     udp.o
    0x0800c63c   0x000000b6   Code   RO         7529    i.udp_sendto_if_src  udp.o
    0x0800c6f2   0x00000028   Code   RO         4994    i.uxListRemove      list.o
    0x0800c71a   0x0000002a   Code   RO         4832    i.uxQueueMessagesWaiting  queue.o
    0x0800c744   0x0000001a   Code   RO         4995    i.vListInitialise   list.o
    0x0800c75e   0x00000006   Code   RO         4996    i.vListInitialiseItem  list.o
    0x0800c764   0x00000034   Code   RO         4997    i.vListInsert       list.o
    0x0800c798   0x00000018   Code   RO         4998    i.vListInsertEnd    list.o
    0x0800c7b0   0x00000054   Code   RO         5034    i.vPortEnterCritical  port.o
    0x0800c804   0x0000003c   Code   RO         5035    i.vPortExitCritical  port.o
    0x0800c840   0x00000094   Code   RO         4363    i.vPortFree         heap_4.o
    0x0800c8d4   0x00000020   Code   RO         5036    i.vPortSetupTimerInterrupt  port.o
    0x0800c8f4   0x00000078   Code   RO         5037    i.vPortValidateInterruptPriority  port.o
    0x0800c96c   0x0000002c   Code   RO         4836    i.vQueueDelete      queue.o
    0x0800c998   0x0000002c   Code   RO         4838    i.vQueueUnregisterQueue  queue.o
    0x0800c9c4   0x0000008c   Code   RO         4453    i.vTaskDelay        tasks.o
    0x0800ca50   0x000000e0   Code   RO         4454    i.vTaskDelete       tasks.o
    0x0800cb30   0x0000000c   Code   RO         4456    i.vTaskMissedYield  tasks.o
    0x0800cb3c   0x0000007c   Code   RO         4458    i.vTaskPlaceOnEventList  tasks.o
    0x0800cbb8   0x000000b0   Code   RO         4460    i.vTaskPriorityInherit  tasks.o
    0x0800cc68   0x00000030   Code   RO         4464    i.vTaskSetTimeOutState  tasks.o
    0x0800cc98   0x0000007c   Code   RO         4465    i.vTaskStartScheduler  tasks.o
    0x0800cd14   0x00000010   Code   RO         4467    i.vTaskSuspendAll   tasks.o
    0x0800cd24   0x0000008c   Code   RO         4468    i.vTaskSwitchContext  tasks.o
    0x0800cdb0   0x0000013c   Code   RO         5038    i.xPortStartScheduler  port.o
    0x0800ceec   0x00000034   Code   RO         5039    i.xPortSysTickHandler  port.o
    0x0800cf20   0x0000004c   Code   RO         4839    i.xQueueCreateMutex  queue.o
    0x0800cf6c   0x00000086   Code   RO         4840    i.xQueueGenericCreate  queue.o
    0x0800cff2   0x00000002   PAD
    0x0800cff4   0x000001ac   Code   RO         4841    i.xQueueGenericReceive  queue.o
    0x0800d1a0   0x00000094   Code   RO         4842    i.xQueueGenericReset  queue.o
    0x0800d234   0x000001a0   Code   RO         4843    i.xQueueGenericSend  queue.o
    0x0800d3d4   0x000000d6   Code   RO         4845    i.xQueueGiveFromISR  queue.o
    0x0800d4aa   0x000000bc   Code   RO         4849    i.xQueueReceiveFromISR  queue.o
    0x0800d566   0x00000002   PAD
    0x0800d568   0x0000008c   Code   RO         4469    i.xTaskCheckForTimeOut  tasks.o
    0x0800d5f4   0x00000170   Code   RO         4470    i.xTaskGenericCreate  tasks.o
    0x0800d764   0x00000020   Code   RO         4474    i.xTaskGetSchedulerState  tasks.o
    0x0800d784   0x0000000c   Code   RO         4475    i.xTaskGetTickCount  tasks.o
    0x0800d790   0x0000014c   Code   RO         4477    i.xTaskIncrementTick  tasks.o
    0x0800d8dc   0x000000c8   Code   RO         4480    i.xTaskPriorityDisinherit  tasks.o
    0x0800d9a4   0x00000098   Code   RO         4481    i.xTaskRemoveFromEventList  tasks.o
    0x0800da3c   0x00000104   Code   RO         4483    i.xTaskResumeAll    tasks.o
    0x0800db40   0x00000010   Data   RO           18    .constdata          stm32f4xx_hal_rcc.o
    0x0800db50   0x00000094   Data   RO         3672    .constdata          main.o
    0x0800dbe4   0x00000014   Data   RO         3968    .constdata          lwip.o
    0x0800dbf8   0x00000014   Data   RO         4087    .constdata          ethernetif.o
    0x0800dc0c   0x00000008   Data   RO         5759    .constdata          ip4_addr.o
    0x0800dc14   0x0000009c   Data   RO         6298    .constdata          memp.o
    0x0800dcb0   0x00000044   Data   RO         6476    .constdata          sockets.o
    0x0800dcf4   0x00000050   Data   RO         7249    .constdata          tcp.o
    0x0800dd44   0x0000000c   Data   RO         7832    .constdata          etharp.o
    0x0800dd50   0x0000000e   Data   RO         3673    .conststring        main.o
    0x0800dd5e   0x00000002   PAD
    0x0800dd60   0x00000008   Data   RO         3969    .conststring        lwip.o
    0x0800dd68   0x00000006   Data   RO         4088    .conststring        ethernetif.o
    0x0800dd6e   0x00000002   PAD
    0x0800dd70   0x00000075   Data   RO         7250    .conststring        tcp.o
    0x0800dde5   0x00000003   PAD
    0x0800dde8   0x00000020   Data   RO         9194    Region$$Table       anon$$obj.o


    Execution Region RW_IRAM1 (Base: 0x20000000, Size: 0x0000b138, Max: 0x00030000, ABSOLUTE, COMPRESSED[0x00000040])

    Base Addr    Size         Type   Attr      Idx    E Section Name        Object

    0x20000000   0x00000004   Data   RW          315    .data               stm32f4xx_hal.o
    0x20000004   0x00000004   Data   RW         3481    .data               system_stm32f4xx.o
    0x20000008   0x00000010   Data   RW         3674    .data               main.o
    0x20000018   0x0000002c   Data   RW         3970    .data               lwip.o
    0x20000044   0x00000004   Data   RW         4089    .data               ethernetif.o
    0x20000048   0x00000018   Data   RW         4368    .data               heap_4.o
    0x20000060   0x00000038   Data   RW         4486    .data               tasks.o
    0x20000098   0x0000000c   Data   RW         5040    .data               port.o
    0x200000a4   0x00000002   Data   RW         5589    .data               ip4.o
    0x200000a6   0x00000002   PAD
    0x200000a8   0x00000010   Data   RW         6053    .data               mem.o
    0x200000b8   0x00000068   Data   RW         6299    .data               memp.o
    0x20000120   0x00000008   Data   RW         6477    .data               sockets.o
    0x20000128   0x00000028   Data   RW         6998    .data               tcp_in.o
    0x20000150   0x00000006   Data   RW         7111    .data               ip_frag.o
    0x20000156   0x00000002   PAD
    0x20000158   0x00000020   Data   RW         7251    .data               tcp.o
    0x20000178   0x00000008   Data   RW         7530    .data               udp.o
    0x20000180   0x00000009   Data   RW         7695    .data               netif.o
    0x20000189   0x00000001   Data   RW         7833    .data               etharp.o
    0x2000018a   0x00000002   Data   RW         8027    .data               sys_arch.o
    0x2000018c   0x00000001   Data   RW         8209    .data               pbuf.o
    0x2000018d   0x00000003   PAD
    0x20000190   0x0000000c   Data   RW         8406    .data               tcpip.o
    0x2000019c   0x00000008   Data   RW         8514    .data               lwip_timers.o
    0x200001a4   0x00000004   Data   RW         9152    .data               mc_w.l(errno.o)
    0x200001a8   0x00000004   Data   RW         9170    .data               mc_w.l(stdout.o)
    0x200001ac   0x0000003c   Zero   RW         3880    .bss                stm32f4xx_hal_timebase_tim.o
    0x200001e8   0x00000040   Zero   RW         3921    .bss                usart.o
    0x20000228   0x00000034   Zero   RW         3967    .bss                lwip.o
    0x2000025c   0x000030e8   Zero   RW         4086    .bss                ethernetif.o
    0x20003344   0x00000054   Zero   RW         4182    .bss                i2c.o
    0x20003398   0x00000020   Zero   RW         4224    .bss                rtc.o
    0x200033b8   0x0000003c   Zero   RW         4317    .bss                tim.o
    0x200033f4   0x00003c00   Zero   RW         4367    .bss                heap_4.o
    0x20006ff4   0x000000f0   Zero   RW         4485    .bss                tasks.o
    0x200070e4   0x00000040   Zero   RW         4850    .bss                queue.o
    0x20007124   0x00000018   Zero   RW         5588    .bss                ip4.o
    0x2000713c   0x00000654   Zero   RW         6052    .bss                mem.o
    0x20007790   0x00003458   Zero   RW         6297    .bss                memp.o
    0x2000abe8   0x00000050   Zero   RW         6475    .bss                sockets.o
    0x2000ac38   0x00000010   Zero   RW         6997    .bss                tcp_in.o
    0x2000ac48   0x000000f0   Zero   RW         7831    .bss                etharp.o
    0x2000ad38   0x00000400   Zero   RW         4353    STACK               startup_stm32f429xx.o


==============================================================================

Image component sizes


      Code (inc. data)   RO Data    RW Data    ZI Data      Debug   Object Name

       500         30          0          0          0      22130   api_lib.o
      3114         42          0          0          0      27956   api_msg.o
       346          8          0          0          0      18395   cmsis_os.o
        62          0          0          0          0       2660   def.o
      2478         62         12          1        240      17008   etharp.o
      1542        130         26          4      12520       9975   ethernetif.o
       644         46          0          0          0       1527   gpio.o
       692         62          0         24      15360       9271   heap_4.o
       152         26          0          0         84       1917   i2c.o
       508          4          0          0          0       4370   icmp.o
        32          0          0          0          0        632   init.o
       818         30          0          2         24      10181   ip4.o
       498          6          8          0          0       8735   ip4_addr.o
      1728         38          0          6          0      12006   ip_frag.o
       148          0          0          0          0       4062   list.o
       324         54         28         44         52      36760   lwip.o
       496         62          0          8          0       6375   lwip_timers.o
      1076        306        162         16          0      19577   main.o
       888         80          0         16       1620       5969   mem.o
       202         14        156        104      13400      13801   memp.o
       138          0          0          0          0      10715   netbuf.o
       502         20          0          9          0      12547   netif.o
      1508         30          0          1          0      15133   pbuf.o
       954         90          0         12          0      10345   port.o
      2086         18          0          0         64      17514   queue.o
       148         16          0          0         32       1851   rtc.o
      2378         60         68          8         80      23858   sockets.o
        36          8        428          0       1024        868   startup_stm32f429xx.o
       114         16          0          4          0       4272   stm32f4xx_hal.o
       338         22          0          0          0      32169   stm32f4xx_hal_cortex.o
      3366         58          0          0          0      21179   stm32f4xx_hal_eth.o
       552         54          0          0          0       2676   stm32f4xx_hal_gpio.o
       296         10          0          0          0       2111   stm32f4xx_hal_i2c.o
        86          0          0          0          0        594   stm32f4xx_hal_msp.o
       164         12          0          0          0       1444   stm32f4xx_hal_pwr_ex.o
      1944         90         16          0          0     802856   stm32f4xx_hal_rcc.o
       880         24          0          0          0       1732   stm32f4xx_hal_rcc_ex.o
       932         14          0          0          0       6402   stm32f4xx_hal_rtc.o
      1160         44          0          0          0      10623   stm32f4xx_hal_tim.o
       102          0          0          0          0       2666   stm32f4xx_hal_tim_ex.o
       140         18          0          0         60       1744   stm32f4xx_hal_timebase_tim.o
      1308          8          0          0          0       4136   stm32f4xx_hal_uart.o
       148         28          0          0          0      28161   stm32f4xx_it.o
         0          0          0          0          0        888   sys.o
       608          8          0          2          0      15345   sys_arch.o
       100         18          0          4          0       1403   system_stm32f4xx.o
      3094        412          0         56        240      34620   tasks.o
      3666        190        197         32          0      39880   tcp.o
      6112        330          0         40         16      21947   tcp_in.o
      3346          8          0          0          0      18051   tcp_out.o
       412         56          0         12          0      10584   tcpip.o
       172         18          0          0         60       1962   tim.o
      1218         34          0          8          0      14516   udp.o
       176         26          0          0         64       2646   usart.o

    ----------------------------------------------------------------------
     54498       2740       1140        420      44940    1410745   Object Totals
         0          0         32          0          0          0   (incl. Generated)
        66          0          7          7          0          0   (incl. Padding)

    ----------------------------------------------------------------------

      Code (inc. data)   RO Data    RW Data    ZI Data      Debug   Library Member Name

        86          0          0          0          0          0   __dczerorl2.o
         0          0          0          0          0          0   entry.o
         0          0          0          0          0          0   entry10a.o
         0          0          0          0          0          0   entry11a.o
         8          4          0          0          0          0   entry2.o
         4          0          0          0          0          0   entry5.o
         0          0          0          0          0          0   entry7b.o
         0          0          0          0          0          0   entry8b.o
         8          4          0          0          0          0   entry9a.o
         8          4          0          4          0         68   errno.o
        30          0          0          0          0          0   handlers.o
        36          8          0          0          0         68   init.o
        30          0          0          0          0         68   llshl.o
        32          0          0          0          0         68   llushr.o
        26          0          0          0          0         80   memcmp.o
        36          0          0          0          0         68   memcpya.o
        36          0          0          0          0        108   memseta.o
       472         14          0          0          0        184   printf3.o
         0          0          0          4          0          0   stdout.o
       228        196          0          0          0         68   strerror.o
        14          0          0          0          0         68   strlen.o
        44          0          0          0          0         80   uidiv.o
        98          0          0          0          0         92   uldiv.o

    ----------------------------------------------------------------------
      1202        230          0          8          0       1020   Library Totals
         6          0          0          0          0          0   (incl. Padding)

    ----------------------------------------------------------------------

      Code (inc. data)   RO Data    RW Data    ZI Data      Debug   Library Name

      1196        230          0          8          0       1020   mc_w.l

    ----------------------------------------------------------------------
      1202        230          0          8          0       1020   Library Totals

    ----------------------------------------------------------------------

==============================================================================


      Code (inc. data)   RO Data    RW Data    ZI Data      Debug   

     55700       2970       1140        428      44940    1371485   Grand Totals
     55700       2970       1140         64      44940    1371485   ELF Image Totals (compressed)
     55700       2970       1140         64          0          0   ROM Totals

==============================================================================

    Total RO  Size (Code + RO Data)                56840 (  55.51kB)
    Total RW  Size (RW Data + ZI Data)             45368 (  44.30kB)
    Total ROM Size (Code + RO Data + RW Data)      56904 (  55.57kB)

==============================================================================

